 WXM

 Timestamp is 569f16b0 (Wed Jan 20 13:10:08 2016)

 Preferred load address is 10000000

 Start         Length     Name                   Class
 0001:00000000 00009a32H .text                   CODE
 0001:00009a40 00000c4aH .text$x                 CODE
 0001:0000a690 0000009cH .text$yc                CODE
 0001:0000a730 00000066H .text$yd                CODE
 0002:00000000 000004c4H .idata$5                DATA
 0002:000004d0 00000f60H .rdata                  DATA
 0002:00001430 0000004fH .rdata$debug            DATA
 0002:00001480 00000104H .rdata$r                DATA
 0002:00001590 000000f8H .rdata$sxdata           DATA
 0002:00001688 00000004H .rtc$IAA                DATA
 0002:0000168c 00000004H .rtc$IZZ                DATA
 0002:00001690 00000004H .rtc$TAA                DATA
 0002:00001694 00000004H .rtc$TZZ                DATA
 0002:00001698 00001004H .xdata$x                DATA
 0002:0000269c 00000000H ATL$__a                 DATA
 0002:0000269c 00000000H ATL$__z                 DATA
 0002:0000269c 000000dcH .idata$2                DATA
 0002:00002778 00000014H .idata$3                DATA
 0002:0000278c 000004c4H .idata$4                DATA
 0002:00002c50 000009daH .idata$6                DATA
 0002:00003630 00000094H .edata                  DATA
 0003:00000000 00000004H .CRT$XCA                DATA
 0003:00000004 00000004H .CRT$XCAA               DATA
 0003:00000008 00000008H .CRT$XCL                DATA
 0003:00000010 00000010H .CRT$XCU                DATA
 0003:00000020 00000004H .CRT$XCZ                DATA
 0003:00000024 00000004H .CRT$XIA                DATA
 0003:00000028 00000004H .CRT$XIZ                DATA
 0003:00000030 00000178H .data                   DATA
 0003:000001a8 00002260H .bss                    DATA
 0004:00000000 00000058H .rsrc$01                DATA
 0004:00000060 000002d8H .rsrc$02                DATA

  Address         Publics by Value              Rva+Base     Lib:Object

 0000:00000000       __except_list              00000000     <absolute>
 0000:0000003e       ___safe_se_handler_count   0000003e     <absolute>
 0000:00009876       __ldused                   00009876     <absolute>
 0000:00009876       __fltused                  00009876     <absolute>
 0000:00000000       ___ImageBase               10000000     <linker-defined>
 0001:00000000       ?objectReleased@GxxObject@@MAEXXZ 10001000 f i WX_base.obj
 0001:00000000       ??3@YAXPAX0@Z              10001000 f i ConnNotice.obj
 0001:00000000       ?print@GxxObject@@UAEXXZ   10001000 f i WX_base.obj
 0001:00000000       ?objectReleased@GxxDictionary@@MAEXXZ 10001000 f i WX_base.obj
 0001:00000000       ?AssertValid@CObject@@UBEXXZ 10001000 f i G2XSocketClient.obj
 0001:00000000       ?objectReleased@GxxValue@@MAEXXZ 10001000 f i WX_base.obj
 0001:00000000       ?objectReleased@GxxArray@@MAEXXZ 10001000 f i WX_base.obj
 0001:00000000       ?print@GxxString@@UAEXXZ   10001000 f i WX_base.obj
 0001:00000010       ?_AtlGetThreadACPFake@ATL@@YGIXZ 10001010 f i ConnNotice.obj
 0001:00000090       ?_AtlGetThreadACPReal@ATL@@YGIXZ 10001090 f i ConnNotice.obj
 0001:000000a0       ?_AtlGetThreadACPThunk@ATL@@YGIXZ 100010a0 f i ConnNotice.obj
 0001:00000110       ??1logic_error@std@@UAE@XZ 10001110 f i ConnNotice.obj
 0001:00000170       ?what@logic_error@std@@UBEPBDXZ 10001170 f i ConnNotice.obj
 0001:00000180       ??_Elogic_error@std@@UAEPAXI@Z 10001180 f i ConnNotice.obj
 0001:00000180       ??_Glogic_error@std@@UAEPAXI@Z 10001180 f i ConnNotice.obj
 0001:000001a0       ??_Glength_error@std@@UAEPAXI@Z 100011a0 f i ConnNotice.obj
 0001:000001a0       ??_Elength_error@std@@UAEPAXI@Z 100011a0 f i ConnNotice.obj
 0001:000001c0       ??1length_error@std@@UAE@XZ 100011c0 f i ConnNotice.obj
 0001:000001d0       ?AtlThrow@ATL@@YGXJ@Z      100011d0 f i ConnNotice.obj
 0001:000001f0       ??0CComCriticalSection@ATL@@QAE@XZ 100011f0 f i ConnNotice.obj
 0001:00000210       ?Init@CComCriticalSection@ATL@@QAEJXZ 10001210 f i ConnNotice.obj
 0001:00000290       ?GetAsSystemTime@CTime@ATL@@QBE_NAAU_SYSTEMTIME@@@Z 10001290 f i ConnNotice.obj
 0001:000002f0       ??3CObject@@SGXPAX@Z       100012f0 f i ConnNotice.obj
 0001:00000300       ??4COleDateTime@ATL@@QAEAAV01@AB_J@Z 10001300 f i ConnNotice.obj
 0001:00000360       ?Format@COleDateTime@ATL@@QBE?AV?$CStringT@_WV?$StrTraitMFC_DLL@_WV?$ChTraitsCRT@_W@ATL@@@@@2@PB_W@Z 10001360 f i ConnNotice.obj
 0001:00000500       ?ToString@@YA?AV?$CStringT@_WV?$StrTraitMFC_DLL@_WV?$ChTraitsCRT@_W@ATL@@@@@ATL@@J@Z 10001500 f   ConnNotice.obj
 0001:00000570       ?SetWxMiddlewareDelegate@CConnNotice@@QAEXPAVCWxMiddlewareDelete@@@Z 10001570 f   ConnNotice.obj
 0001:00000580       ?GetWxMiddlewareDelegate@CConnNotice@@QAEPAVCWxMiddlewareDelete@@XZ 10001580 f   ConnNotice.obj
 0001:00000590       ?ConnectNotice@CConnNotice@@QAEHXZ 10001590 f   ConnNotice.obj
 0001:00000700       ?SendData@CConnNotice@@QAEXHPB_WH@Z 10001700 f   ConnNotice.obj
 0001:000007d0       ?StopConn@CConnNotice@@QAEXXZ 100017d0 f   ConnNotice.obj
 0001:00000870       ?SendHeart@CConnNotice@@AAEXXZ 10001870 f   ConnNotice.obj
 0001:00000920       ?SendClientLoginRet@CConnNotice@@QAEXPB_WH@Z 10001920 f   ConnNotice.obj
 0001:000009c0       ?SendClientLogoutRet@CConnNotice@@QAEXPB_WH@Z 100019c0 f   ConnNotice.obj
 0001:00000a60       ?SendClientMessageRet@CConnNotice@@QAEXH@Z 10001a60 f   ConnNotice.obj
 0001:00000b00       ??HATL@@YA?AV?$CStringT@_WV?$StrTraitMFC_DLL@_WV?$ChTraitsCRT@_W@ATL@@@@@0@ABV10@0@Z 10001b00 f i ConnNotice.obj
 0001:00000ba0       ??HATL@@YA?AV?$CStringT@_WV?$StrTraitMFC_DLL@_WV?$ChTraitsCRT@_W@ATL@@@@@0@PB_WABV10@@Z 10001ba0 f i ConnNotice.obj
 0001:00000c40       ??1?$CW2AEX@$0IA@@ATL@@QAE@XZ 10001c40 f i Encrypt.obj
 0001:00000c40       ??1?$CW2WEX@$0IA@@ATL@@QAE@XZ 10001c40 f i ConnNotice.obj
 0001:00000c60       ??1?$CGxxString@_W@G2XUtility@@UAE@XZ 10001c60 f i ConnNotice.obj
 0001:00000c90       ??_G?$CGxxString@_W@G2XUtility@@UAEPAXI@Z 10001c90 f i ConnNotice.obj
 0001:00000c90       ??_E?$CGxxString@_W@G2XUtility@@UAEPAXI@Z 10001c90 f i ConnNotice.obj
 0001:00000cd0       ?Init@?$CW2WEX@$0IA@@ATL@@AAEXPB_W@Z 10001cd0 f i ConnNotice.obj
 0001:00000d30       ?FindString@?$CGxxString@_W@G2XUtility@@QAEHPB_WH@Z 10001d30 f i ConnNotice.obj
 0001:00000df0       ?_Xlen@?$vector@V?$CGxxString@_W@G2XUtility@@V?$allocator@V?$CGxxString@_W@G2XUtility@@@std@@@std@@IBEXXZ 10001df0 f i ConnNotice.obj
 0001:00000e70       ??0logic_error@std@@QAE@ABV01@@Z 10001e70 f i ConnNotice.obj
 0001:00000ed0       ??$?H_WU?$char_traits@_W@std@@V?$allocator@_W@1@@std@@YA?AV?$basic_string@_WU?$char_traits@_W@std@@V?$allocator@_W@2@@0@PB_WABV10@@Z 10001ed0 f i ConnNotice.obj
 0001:00000f50       ??_ECConnNotice@@MAEPAXI@Z 10001f50 f i ConnNotice.obj
 0001:00000f50       ??_GCConnNotice@@MAEPAXI@Z 10001f50 f i ConnNotice.obj
 0001:00000f70       ?TimerProc@CConnNotice@@CGXPAUHWND__@@IIK@Z 10001f70 f   ConnNotice.obj
 0001:00000fc0       ?didServerDisconnected@CConnNotice@@MAE_NPAVCG2XSocketClient@@@Z 10001fc0 f   ConnNotice.obj
 0001:00001000       ??0?$CW2WEX@$0IA@@ATL@@QAE@PB_W@Z 10002000 f i ConnNotice.obj
 0001:00001020       ?Append@?$CGxxString@_W@G2XUtility@@QAEXPB_WH@Z 10002020 f i ConnNotice.obj
 0001:000010e0       ??0length_error@std@@QAE@ABV01@@Z 100020e0 f i ConnNotice.obj
 0001:00001100       ??0COleDateTime@ATL@@QAE@J@Z 10002100 f i ConnNotice.obj
 0001:00001140       ?GetInstance@CConnNotice@@SAPAV1@XZ 10002140 f   ConnNotice.obj
 0001:00001180       ?SendLogin@CConnNotice@@QAEXXZ 10002180 f   ConnNotice.obj
 0001:00001400       ?didServerConnected@CConnNotice@@MAEXPAVCG2XSocketClient@@@Z 10002400 f   ConnNotice.obj
 0001:00001420       ??$_Copy_backward_opt@PAV?$CGxxString@_W@G2XUtility@@PAV12@@std@@YAPAV?$CGxxString@_W@G2XUtility@@PAV12@00U_Nonscalar_ptr_iterator_tag@0@@Z 10002420 f i ConnNotice.obj
 0001:00001470       ??0?$CGxxString@_W@G2XUtility@@QAE@PB_W@Z 10002470 f i ConnNotice.obj
 0001:000014b0       ??0?$CGxxString@_W@G2XUtility@@QAE@ABV01@@Z 100024b0 f i ConnNotice.obj
 0001:00001500       ??HG2XUtility@@YA?AV?$CGxxString@_W@0@ABV10@0@Z 10002500 f i ConnNotice.obj
 0001:000015d0       ??HG2XUtility@@YA?AV?$CGxxString@_W@0@ABV10@PB_W@Z 100025d0 f i ConnNotice.obj
 0001:000016a0       ?Mid@?$CGxxString@_W@G2XUtility@@QAE?AV12@HI@Z 100026a0 f i ConnNotice.obj
 0001:000017c0       ??$fill@PAV?$CGxxString@_W@G2XUtility@@V12@@std@@YAXPAV?$CGxxString@_W@G2XUtility@@0ABV12@@Z 100027c0 f i ConnNotice.obj
 0001:00001810       ?_Destroy@?$vector@V?$CGxxString@_W@G2XUtility@@V?$allocator@V?$CGxxString@_W@G2XUtility@@@std@@@std@@IAEXPAV?$CGxxString@_W@G2XUtility@@0@Z 10002810 f i ConnNotice.obj
 0001:00001840       ??$_Uninit_copy@PAV?$CGxxString@_W@G2XUtility@@PAV12@V?$allocator@V?$CGxxString@_W@G2XUtility@@@std@@@std@@YAPAV?$CGxxString@_W@G2XUtility@@PAV12@00AAV?$allocator@V?$CGxxString@_W@G2XUtility@@@0@U_Nonscalar_ptr_iterator_tag@0@@Z 10002840 f i ConnNotice.obj
 0001:00001900       ?_Tidy@?$vector@V?$CGxxString@_W@G2XUtility@@V?$allocator@V?$CGxxString@_W@G2XUtility@@@std@@@std@@IAEXXZ 10002900 f i ConnNotice.obj
 0001:00001950       ??$_Uninit_fill_n@PAV?$CGxxString@_W@G2XUtility@@IV12@V?$allocator@V?$CGxxString@_W@G2XUtility@@@std@@@std@@YAXPAV?$CGxxString@_W@G2XUtility@@IABV12@AAV?$allocator@V?$CGxxString@_W@G2XUtility@@@0@U_Nonscalar_ptr_iterator_tag@0@@Z 10002950 f i ConnNotice.obj
 0001:00001a10       ??1?$vector@V?$CGxxString@_W@G2XUtility@@V?$allocator@V?$CGxxString@_W@G2XUtility@@@std@@@std@@QAE@XZ 10002a10 f i ConnNotice.obj
 0001:00001a20       ?_Ufill@?$vector@V?$CGxxString@_W@G2XUtility@@V?$allocator@V?$CGxxString@_W@G2XUtility@@@std@@@std@@IAEPAV?$CGxxString@_W@G2XUtility@@PAV34@IABV34@@Z 10002a20 f i ConnNotice.obj
 0001:00001a50       ?_Insert_n@?$vector@V?$CGxxString@_W@G2XUtility@@V?$allocator@V?$CGxxString@_W@G2XUtility@@@std@@@std@@IAEXViterator@12@IABV?$CGxxString@_W@G2XUtility@@@Z 10002a50 f i ConnNotice.obj
 0001:00001d20       ?push_back@?$vector@V?$CGxxString@_W@G2XUtility@@V?$allocator@V?$CGxxString@_W@G2XUtility@@@std@@@std@@QAEXABV?$CGxxString@_W@G2XUtility@@@Z 10002d20 f i ConnNotice.obj
 0001:00001d90       ?Split@?$CGxxString@_W@G2XUtility@@QAEHPB_WAAV?$vector@V?$CGxxString@_W@G2XUtility@@V?$allocator@V?$CGxxString@_W@G2XUtility@@@std@@@std@@@Z 10002d90 f i ConnNotice.obj
 0001:00001f40       ?didReceiveData@CConnNotice@@MAEXPAVCG2XSocketClient@@PAXH@Z 10002f40 f   ConnNotice.obj
 0001:00003630       ?AtlThrowLastWin32@ATL@@YGXXZ 10004630 f i Encrypt.obj
 0001:00003650       ?Init@?$CW2AEX@$0IA@@ATL@@AAEXPB_WI@Z 10004650 f i Encrypt.obj
 0001:000036c0       ?CalcMD5@CEncrypt@@SAXV?$CStringT@_WV?$StrTraitMFC_DLL@_WV?$ChTraitsCRT@_W@ATL@@@@@ATL@@AAV23@@Z 100046c0 f   Encrypt.obj
 0001:00003840       ?Utf8_to_WideChar@CG2XCommonTool@G2XUtility@@SA?AV?$basic_string@_WU?$char_traits@_W@std@@V?$allocator@_W@2@@std@@AAV?$basic_string@DU?$char_traits@D@std@@V?$allocator@D@2@@4@@Z 10004840 f   G2XCommonTool.obj
 0001:00003930       ?WideChar_to_Utf8@CG2XCommonTool@G2XUtility@@SA?AV?$basic_string@DU?$char_traits@D@std@@V?$allocator@D@2@@std@@AAV?$basic_string@_WU?$char_traits@_W@std@@V?$allocator@_W@2@@4@@Z 10004930 f   G2XCommonTool.obj
 0001:00003a50       ??0CG2XSocketClient@@QAE@PAVCG2XClientSocketDelegate@@@Z 10004a50 f   G2XSocketClient.obj
 0001:00003ac0       ??1CG2XSocketClient@@UAE@XZ 10004ac0 f   G2XSocketClient.obj
 0001:00003ae0       ?ConnectServer@CG2XSocketClient@@QAEHPB_WI@Z 10004ae0 f   G2XSocketClient.obj
 0001:00003b40       ?SendData@CG2XSocketClient@@QAEHPBXH@Z 10004b40 f   G2XSocketClient.obj
 0001:00003b60       ?OnConnect@CG2XSocketClient@@MAEXH@Z 10004b60 f   G2XSocketClient.obj
 0001:00003b90       ?OnReceive@CG2XSocketClient@@MAEXH@Z 10004b90 f   G2XSocketClient.obj
 0001:00003c20       ?OnSend@CG2XSocketClient@@MAEXH@Z 10004c20 f   G2XSocketClient.obj
 0001:00003c40       ?OnClose@CG2XSocketClient@@MAEXH@Z 10004c40 f   G2XSocketClient.obj
 0001:00003c90       ?DoDataExchange@CWnd@@MAEXPAVCDataExchange@@@Z 10004c90 f i G2XSocketClient.obj
 0001:00003c90       ?didSend@CG2XClientSocketDelegate@@MAEXPAVCG2XSocketClient@@@Z 10004c90 f i ConnNotice.obj
 0001:00003c90       ?Dump@CObject@@UBEXAAVCDumpContext@@@Z 10004c90 f i G2XSocketClient.obj
 0001:00003c90       ?Serialize@CObject@@UAEXAAVCArchive@@@Z 10004c90 f i G2XSocketClient.obj
 0001:00003ca0       ?BeginModalState@CWnd@@UAEXXZ 10004ca0 f i G2XSocketClient.obj
 0001:00003cb0       ?EndModalState@CWnd@@UAEXXZ 10004cb0 f i G2XSocketClient.obj
 0001:00003cc0       ??_ECG2XSocketClient@@UAEPAXI@Z 10004cc0 f i G2XSocketClient.obj
 0001:00003cc0       ??_GCG2XSocketClient@@UAEPAXI@Z 10004cc0 f i G2XSocketClient.obj
 0001:00003ce0       ?GetRuntimeClass@CMainWnd@@UBEPAUCRuntimeClass@@XZ 10004ce0 f   MainWnd.obj
 0001:00003cf0       ??0CMainWnd@@QAE@XZ        10004cf0 f   MainWnd.obj
 0001:00003d10       ??1CMainWnd@@UAE@XZ        10004d10 f   MainWnd.obj
 0001:00003d20       ?GetMessageMap@CMainWnd@@MBEPBUAFX_MSGMAP@@XZ 10004d20 f   MainWnd.obj
 0001:00003d30       ??_GCMainWnd@@UAEPAXI@Z    10004d30 f i MainWnd.obj
 0001:00003d30       ??_ECMainWnd@@UAEPAXI@Z    10004d30 f i MainWnd.obj
 0001:00003d50       ??0Data_t@_bstr_t@@QAE@PA_W_N@Z 10004d50 f i WX_ado.obj
 0001:00003db0       ??1_variant_t@@QAE@XZ      10004db0 f i WX_ado.obj
 0001:00003dd0       ??1_com_error@@UAE@XZ      10004dd0 f i WX_ado.obj
 0001:00003e00       ??_G_com_error@@UAEPAXI@Z  10004e00 f i WX_ado.obj
 0001:00003e00       ??_E_com_error@@UAEPAXI@Z  10004e00 f i WX_ado.obj
 0001:00003e40       ?GetCollect@Recordset15@@QAE?AV_variant_t@@ABV2@@Z 10004e40 f i WX_ado.obj
 0001:00003ec0       ??1?$GxxAutoPtr@VGxxArray@@@@QAE@XZ 10004ec0 f i WX_ado.obj
 0001:00003ec0       ??1?$GxxAutoPtr@VGxxValue@@@@QAE@XZ 10004ec0 f i WX_ado.obj
 0001:00003ec0       ??1?$GxxAutoPtr@VGxxValueMap@@@@QAE@XZ 10004ec0 f i WX_ado.obj
 0001:00003ec0       ??1?$GxxAutoPtr@VGxxDictionary@@@@QAE@XZ 10004ec0 f i WX_ado.obj
 0001:00003ed0       ?_Xlen@?$vector@V?$GxxAutoPtr@VGxxValue@@@@V?$allocator@V?$GxxAutoPtr@VGxxValue@@@@@std@@@std@@IBEXXZ 10004ed0 f i WX_ado.obj
 0001:00003f50       ??0_bstr_t@@QAE@PBD@Z      10004f50 f i WX_ado.obj
 0001:00003fe0       ??0_bstr_t@@QAE@PA_W_N@Z   10004fe0 f i WX_ado.obj
 0001:00004060       ?create@GxxDictionary@@SA?AV?$GxxAutoPtr@VGxxDictionary@@@@XZ 10005060 f i WX_ado.obj
 0001:00004100       ?Close@GxxADO@@QAE_NXZ     10005100 f   WX_ado.obj
 0001:00004140       ??1?$_com_ptr_t@V?$_com_IIID@U_Recordset@@$1?_GUID_00000556_0000_0010_8000_00aa006d2ea4@@3U__s_GUID@@B@@@@QAE@XZ 10005140 f i WX_ado.obj
 0001:00004140       ??1?$_com_ptr_t@V?$_com_IIID@UField@@$1?_GUID_00000569_0000_0010_8000_00aa006d2ea4@@3U__s_GUID@@B@@@@QAE@XZ 10005140 f i WX_ado.obj
 0001:00004140       ??1?$_com_ptr_t@V?$_com_IIID@UFields@@$1?_GUID_00000564_0000_0010_8000_00aa006d2ea4@@3U__s_GUID@@B@@@@QAE@XZ 10005140 f i WX_ado.obj
 0001:00004150       ?Release@Data_t@_bstr_t@@QAEKXZ 10005150 f i WX_ado.obj
 0001:000041a0       ?GetItem@Fields15@@QAE?AV?$_com_ptr_t@V?$_com_IIID@UField@@$1?_GUID_00000569_0000_0010_8000_00aa006d2ea4@@3U__s_GUID@@B@@@@ABV_variant_t@@@Z 100051a0 f i WX_ado.obj
 0001:00004210       ?GetFields@Recordset15@@QAE?AV?$_com_ptr_t@V?$_com_IIID@UFields@@$1?_GUID_00000564_0000_0010_8000_00aa006d2ea4@@3U__s_GUID@@B@@@@XZ 10005210 f i WX_ado.obj
 0001:00004260       ??_EGxxDictionary@@UAEPAXI@Z 10005260 f i WX_ado.obj
 0001:00004260       ??_GGxxDictionary@@UAEPAXI@Z 10005260 f i WX_ado.obj
 0001:00004280       ??1GxxDictionary@@UAE@XZ   10005280 f i WX_ado.obj
 0001:000042d0       ??0GxxADO@@QAE@XZ          100052d0 f   WX_ado.obj
 0001:000042f0       ??1GxxADO@@QAE@XZ          100052f0 f   WX_ado.obj
 0001:00004310       ??1GxxADORecordSet@@QAE@XZ 10005310 f i WX_ado.obj
 0001:00004370       ??0GxxADORecordSet@@QAE@ABV0@@Z 10005370 f i WX_ado.obj
 0001:000043e0       ??0GxxADORecordSet@@QAE@V?$_com_ptr_t@V?$_com_IIID@U_Recordset@@$1?_GUID_00000556_0000_0010_8000_00aa006d2ea4@@3U__s_GUID@@B@@@@@Z 100053e0 f   WX_ado.obj
 0001:00004470       ?CreateInstance@?$_com_ptr_t@V?$_com_IIID@U_Connection@@$1?_GUID_00000550_0000_0010_8000_00aa006d2ea4@@3U__s_GUID@@B@@@@QAEJABU_GUID@@PAUIUnknown@@K@Z 10005470 f i WX_ado.obj
 0001:00004500       ?CreateInstance@?$_com_ptr_t@V?$_com_IIID@U_Connection@@$1?_GUID_00000550_0000_0010_8000_00aa006d2ea4@@3U__s_GUID@@B@@@@QAEJPB_WPAUIUnknown@@K@Z 10005500 f i WX_ado.obj
 0001:00004580       ??$_Destroy_range@V?$GxxAutoPtr@VGxxValue@@@@V?$allocator@V?$GxxAutoPtr@VGxxValue@@@@@std@@@std@@YAXPAV?$GxxAutoPtr@VGxxValue@@@@0AAV?$allocator@V?$GxxAutoPtr@VGxxValue@@@@@0@U_Nonscalar_ptr_iterator_tag@0@@Z 10005580 f i WX_ado.obj
 0001:000045b0       ??1_bstr_t@@QAE@XZ         100055b0 f i WX_ado.obj
 0001:000045d0       ??4_bstr_t@@QAEAAV0@PB_W@Z 100055d0 f i WX_ado.obj
 0001:00004680       ??0_bstr_t@@QAE@ABV_variant_t@@@Z 10005680 f i WX_ado.obj
 0001:00004750       ?GetName@Field20@@QAE?AV_bstr_t@@XZ 10005750 f i WX_ado.obj
 0001:000047a0       ?Execute@Connection15@@QAE?AV?$_com_ptr_t@V?$_com_IIID@U_Recordset@@$1?_GUID_00000556_0000_0010_8000_00aa006d2ea4@@3U__s_GUID@@B@@@@V_bstr_t@@PAUtagVARIANT@@J@Z 100057a0 f i WX_ado.obj
 0001:00004830       ?Open@Connection15@@QAEJV_bstr_t@@00J@Z 10005830 f i WX_ado.obj
 0001:000048e0       ?CreateInstance@?$_com_ptr_t@V?$_com_IIID@U_Connection@@$1?_GUID_00000550_0000_0010_8000_00aa006d2ea4@@3U__s_GUID@@B@@@@QAEJPBDPAUIUnknown@@K@Z 100058e0 f i WX_ado.obj
 0001:000049f0       ?Connect@GxxADO@@QAE_NPBD@Z 100059f0 f   WX_ado.obj
 0001:00004ae0       ?GetRecords@GxxADO@@QAE?AVGxxADORecordSet@@PBD@Z 10005ae0 f   WX_ado.obj
 0001:00004c40       ?ExcuteSql@GxxADO@@QAEHPBD@Z 10005c40 f   WX_ado.obj
 0001:00004d30       ?_Destroy@?$vector@V?$GxxAutoPtr@VGxxValue@@@@V?$allocator@V?$GxxAutoPtr@VGxxValue@@@@@std@@@std@@IAEXPAV?$GxxAutoPtr@VGxxValue@@@@0@Z 10005d30 f i WX_ado.obj
 0001:00004d60       ?IsConnect@GxxADO@@QAE_NXZ 10005d60 f   WX_ado.obj
 0001:00004e20       ?_Tidy@?$vector@V?$GxxAutoPtr@VGxxValue@@@@V?$allocator@V?$GxxAutoPtr@VGxxValue@@@@@std@@@std@@IAEXXZ 10005e20 f i WX_ado.obj
 0001:00004e70       ?create@GxxArray@@SA?AV?$GxxAutoPtr@VGxxArray@@@@XZ 10005e70 f i WX_ado.obj
 0001:00004f10       ?GetFields@GxxADORecordSet@@QAE?AV?$GxxAutoPtr@VGxxArray@@@@XZ 10005f10 f   WX_ado.obj
 0001:00005160       ?GetCurrentRecord@GxxADORecordSet@@QAE?AV?$GxxAutoPtr@VGxxDictionary@@@@XZ 10006160 f   WX_ado.obj
 0001:00005410       ??_GGxxArray@@UAEPAXI@Z    10006410 f i WX_ado.obj
 0001:00005410       ??_EGxxArray@@UAEPAXI@Z    10006410 f i WX_ado.obj
 0001:00005430       ??1GxxArray@@UAE@XZ        10006430 f i WX_ado.obj
 0001:00005480       ?CountOfRecords@GxxADO@@QAEHPBD0@Z 10006480 f   WX_ado.obj
 0001:00005600       ??_Eout_of_range@std@@UAEPAXI@Z 10006600 f i WX_base.obj
 0001:00005600       ??_Gout_of_range@std@@UAEPAXI@Z 10006600 f i WX_base.obj
 0001:00005620       ??1out_of_range@std@@UAE@XZ 10006620 f i WX_base.obj
 0001:00005630       ??1GxxKey@@QAE@XZ          10006630 f i WX_base.obj
 0001:00005650       ?reset@GxxKey@@AAEXPBD@Z   10006650 f i WX_base.obj
 0001:000056a0       ?appendTabByDepth@@YAXAAV?$basic_string@DU?$char_traits@D@std@@V?$allocator@D@2@@std@@H@Z 100066a0 f   WX_base.obj
 0001:000056f0       ?appendStringDoesEscape@@YAXAAV?$basic_string@DU?$char_traits@D@std@@V?$allocator@D@2@@std@@PBD@Z 100066f0 f   WX_base.obj
 0001:00005790       ??0GxxObject@@IAE@XZ       10006790 f   WX_base.obj
 0001:000057a0       ?describe@GxxObject@@UAE?AV?$basic_string@DU?$char_traits@D@std@@V?$allocator@D@2@@std@@XZ 100067a0 f i WX_base.obj
 0001:000057d0       ?retain@GxxObject@@QAEXXZ  100067d0 f   WX_base.obj
 0001:000057e0       ?release@GxxObject@@QAEXXZ 100067e0 f   WX_base.obj
 0001:00005800       ??1?$GxxAutoPtr@VGxxString@@@@QAE@XZ 10006800 f i WX_base.obj
 0001:00005820       ??1?$pair@$$CBVGxxKey@@V?$GxxAutoPtr@VGxxValue@@@@@std@@QAE@XZ 10006820 f i WX_base.obj
 0001:00005890       ??R?$less@VGxxKey@@@std@@QBE_NABVGxxKey@@0@Z 10006890 f i WX_base.obj
 0001:000058f0       ?_Min@?$_Tree@V?$_Tmap_traits@VGxxKey@@V?$GxxAutoPtr@VGxxValue@@@@U?$less@VGxxKey@@@std@@V?$allocator@U?$pair@$$CBVGxxKey@@V?$GxxAutoPtr@VGxxValue@@@@@std@@@4@$0A@@std@@@std@@KAPAU_Node@?$_Tree_nod@V?$_Tmap_traits@VGxxKey@@V?$GxxAutoPtr@VGxxValue@@@@U?$less@VGxxKey@@@std@@V?$allocator@U?$pair@$$CBVGxxKey@@V?$GxxAutoPtr@VGxxValue@@@@@std@@@4@$0A@@std@@@2@PAU342@@Z 100068f0 f i WX_base.obj
 0001:00005910       ?_Max@?$_Tree@V?$_Tmap_traits@VGxxKey@@V?$GxxAutoPtr@VGxxValue@@@@U?$less@VGxxKey@@@std@@V?$allocator@U?$pair@$$CBVGxxKey@@V?$GxxAutoPtr@VGxxValue@@@@@std@@@4@$0A@@std@@@std@@KAPAU_Node@?$_Tree_nod@V?$_Tmap_traits@VGxxKey@@V?$GxxAutoPtr@VGxxValue@@@@U?$less@VGxxKey@@@std@@V?$allocator@U?$pair@$$CBVGxxKey@@V?$GxxAutoPtr@VGxxValue@@@@@std@@@4@$0A@@std@@@2@PAU342@@Z 10006910 f i WX_base.obj
 0001:00005930       ?_Dec@const_iterator@?$_Tree@V?$_Tmap_traits@VGxxKey@@V?$GxxAutoPtr@VGxxValue@@@@U?$less@VGxxKey@@@std@@V?$allocator@U?$pair@$$CBVGxxKey@@V?$GxxAutoPtr@VGxxValue@@@@@std@@@4@$0A@@std@@@std@@QAEXXZ 10006930 f i WX_base.obj
 0001:00005990       ??$fill@PAV?$GxxAutoPtr@VGxxValue@@@@V1@@std@@YAXPAV?$GxxAutoPtr@VGxxValue@@@@0ABV1@@Z 10006990 f i WX_base.obj
 0001:000059e0       ??1_Node@?$_Tree_nod@V?$_Tmap_traits@VGxxKey@@V?$GxxAutoPtr@VGxxValue@@@@U?$less@VGxxKey@@@std@@V?$allocator@U?$pair@$$CBVGxxKey@@V?$GxxAutoPtr@VGxxValue@@@@@std@@@4@$0A@@std@@@std@@QAE@XZ 100069e0 f i WX_base.obj
 0001:000059f0       ??0GxxString@@IAE@XZ       100069f0 f i WX_base.obj
 0001:00005a40       ?create@GxxString@@SA?AV?$GxxAutoPtr@VGxxString@@@@XZ 10006a40 f i WX_base.obj
 0001:00005ae0       ?create@GxxValue@@SA?AV?$GxxAutoPtr@VGxxValue@@@@XZ 10006ae0 f i WX_base.obj
 0001:00005b50       ?init@GxxValue@@UAE_NXZ    10006b50 f i WX_base.obj
 0001:00005b50       ?init@GxxObject@@MAE_NXZ   10006b50 f i WX_ado.obj
 0001:00005b60       ?create@GxxValueMap@@SA?AV?$GxxAutoPtr@VGxxValueMap@@@@XZ 10006b60 f i WX_base.obj
 0001:00005bd0       ??_EGxxObject@@UAEPAXI@Z   10006bd0 f i WX_base.obj
 0001:00005bd0       ??_GGxxObject@@UAEPAXI@Z   10006bd0 f i WX_base.obj
 0001:00005bf0       ?init@GxxDictionary@@MAE_NXZ 10006bf0 f   WX_base.obj
 0001:00005c90       ?count@GxxArray@@QAEHXZ    10006c90 f   WX_base.obj
 0001:00005cb0       ?_Lbound@?$_Tree@V?$_Tmap_traits@VGxxKey@@V?$GxxAutoPtr@VGxxValue@@@@U?$less@VGxxKey@@@std@@V?$allocator@U?$pair@$$CBVGxxKey@@V?$GxxAutoPtr@VGxxValue@@@@@std@@@4@$0A@@std@@@std@@IBEPAU_Node@?$_Tree_nod@V?$_Tmap_traits@VGxxKey@@V?$GxxAutoPtr@VGxxValue@@@@U?$less@VGxxKey@@@std@@V?$allocator@U?$pair@$$CBVGxxKey@@V?$GxxAutoPtr@VGxxValue@@@@@std@@@4@$0A@@std@@@2@ABVGxxKey@@@Z 10006cb0 f i WX_base.obj
 0001:00005d20       ?_Inc@const_iterator@?$_Tree@V?$_Tmap_traits@VGxxKey@@V?$GxxAutoPtr@VGxxValue@@@@U?$less@VGxxKey@@@std@@V?$allocator@U?$pair@$$CBVGxxKey@@V?$GxxAutoPtr@VGxxValue@@@@@std@@@4@$0A@@std@@@std@@QAEXXZ 10006d20 f i WX_base.obj
 0001:00005d80       ?_Lrotate@?$_Tree@V?$_Tmap_traits@VGxxKey@@V?$GxxAutoPtr@VGxxValue@@@@U?$less@VGxxKey@@@std@@V?$allocator@U?$pair@$$CBVGxxKey@@V?$GxxAutoPtr@VGxxValue@@@@@std@@@4@$0A@@std@@@std@@IAEXPAU_Node@?$_Tree_nod@V?$_Tmap_traits@VGxxKey@@V?$GxxAutoPtr@VGxxValue@@@@U?$less@VGxxKey@@@std@@V?$allocator@U?$pair@$$CBVGxxKey@@V?$GxxAutoPtr@VGxxValue@@@@@std@@@4@$0A@@std@@@2@@Z 10006d80 f i WX_base.obj
 0001:00005de0       ?_Rrotate@?$_Tree@V?$_Tmap_traits@VGxxKey@@V?$GxxAutoPtr@VGxxValue@@@@U?$less@VGxxKey@@@std@@V?$allocator@U?$pair@$$CBVGxxKey@@V?$GxxAutoPtr@VGxxValue@@@@@std@@@4@$0A@@std@@@std@@IAEXPAU_Node@?$_Tree_nod@V?$_Tmap_traits@VGxxKey@@V?$GxxAutoPtr@VGxxValue@@@@U?$less@VGxxKey@@@std@@V?$allocator@U?$pair@$$CBVGxxKey@@V?$GxxAutoPtr@VGxxValue@@@@@std@@@4@$0A@@std@@@2@@Z 10006de0 f i WX_base.obj
 0001:00005e40       ??$_Copy_backward_opt@PAV?$GxxAutoPtr@VGxxValue@@@@PAV1@@std@@YAPAV?$GxxAutoPtr@VGxxValue@@@@PAV1@00U_Nonscalar_ptr_iterator_tag@0@@Z 10006e40 f i WX_base.obj
 0001:00005ea0       ??_GGxxString@@UAEPAXI@Z   10006ea0 f i WX_base.obj
 0001:00005ea0       ??_EGxxString@@UAEPAXI@Z   10006ea0 f i WX_base.obj
 0001:00005ec0       ??1GxxString@@UAE@XZ       10006ec0 f i WX_base.obj
 0001:00005f10       ??_EGxxValue@@UAEPAXI@Z    10006f10 f i WX_base.obj
 0001:00005f10       ??_GGxxValue@@UAEPAXI@Z    10006f10 f i WX_base.obj
 0001:00005f30       ??1GxxValue@@UAE@XZ        10006f30 f i WX_base.obj
 0001:00005ff0       ??_GGxxValueMap@@UAEPAXI@Z 10006ff0 f i WX_base.obj
 0001:00005ff0       ??_EGxxValueMap@@UAEPAXI@Z 10006ff0 f i WX_base.obj
 0001:00006010       ??1GxxValueMap@@UAE@XZ     10007010 f i WX_base.obj
 0001:00006010       ??1GxxObject@@UAE@XZ       10007010 f i WX_base.obj
 0001:00006020       ?stringValue@GxxValue@@QAEPBDXZ 10007020 f   WX_base.obj
 0001:00006040       ?intValue@GxxValue@@QAEHXZ 10007040 f   WX_base.obj
 0001:00006070       ?print@GxxValue@@UAEXXZ    10007070 f   WX_base.obj
 0001:000060b0       ?describe@GxxValue@@UAE?AV?$basic_string@DU?$char_traits@D@std@@V?$allocator@D@2@@std@@XZ 100070b0 f   WX_base.obj
 0001:00006130       ?create@GxxString@@SA?AV?$GxxAutoPtr@VGxxString@@@@PBD@Z 10007130 f   WX_base.obj
 0001:000061f0       ?_Buynode@?$_Tree@V?$_Tmap_traits@VGxxKey@@V?$GxxAutoPtr@VGxxValue@@@@U?$less@VGxxKey@@@std@@V?$allocator@U?$pair@$$CBVGxxKey@@V?$GxxAutoPtr@VGxxValue@@@@@std@@@4@$0A@@std@@@std@@IAEPAU_Node@?$_Tree_nod@V?$_Tmap_traits@VGxxKey@@V?$GxxAutoPtr@VGxxValue@@@@U?$less@VGxxKey@@@std@@V?$allocator@U?$pair@$$CBVGxxKey@@V?$GxxAutoPtr@VGxxValue@@@@@std@@@4@$0A@@std@@@2@XZ 100071f0 f i WX_base.obj
 0001:00006230       ??0_Node@?$_Tree_nod@V?$_Tmap_traits@VGxxKey@@V?$GxxAutoPtr@VGxxValue@@@@U?$less@VGxxKey@@@std@@V?$allocator@U?$pair@$$CBVGxxKey@@V?$GxxAutoPtr@VGxxValue@@@@@std@@@4@$0A@@std@@@std@@QAE@PAU012@00ABU?$pair@$$CBVGxxKey@@V?$GxxAutoPtr@VGxxValue@@@@@2@D@Z 10007230 f i WX_base.obj
 0001:000062b0       ??$_Uninit_copy@PAV?$GxxAutoPtr@VGxxValue@@@@PAV1@V?$allocator@V?$GxxAutoPtr@VGxxValue@@@@@std@@@std@@YAPAV?$GxxAutoPtr@VGxxValue@@@@PAV1@00AAV?$allocator@V?$GxxAutoPtr@VGxxValue@@@@@0@U_Nonscalar_ptr_iterator_tag@0@@Z 100072b0 f i WX_base.obj
 0001:000062f0       ?create@GxxValue@@SA?AV?$GxxAutoPtr@VGxxValue@@@@PBD@Z 100072f0 f   WX_base.obj
 0001:00006410       ?print@GxxArray@@UAEXXZ    10007410 f   WX_base.obj
 0001:00006460       ?valueAtIndex@GxxArray@@QAEPAVGxxValue@@H@Z 10007460 f   WX_base.obj
 0001:000064a0       ?find@?$_Tree@V?$_Tmap_traits@VGxxKey@@V?$GxxAutoPtr@VGxxValue@@@@U?$less@VGxxKey@@@std@@V?$allocator@U?$pair@$$CBVGxxKey@@V?$GxxAutoPtr@VGxxValue@@@@@std@@@4@$0A@@std@@@std@@QAE?AViterator@12@ABVGxxKey@@@Z 100074a0 f i WX_base.obj
 0001:00006500       ?erase@?$_Tree@V?$_Tmap_traits@VGxxKey@@V?$GxxAutoPtr@VGxxValue@@@@U?$less@VGxxKey@@@std@@V?$allocator@U?$pair@$$CBVGxxKey@@V?$GxxAutoPtr@VGxxValue@@@@@std@@@4@$0A@@std@@@std@@QAE?AViterator@12@V312@@Z 10007500 f i WX_base.obj
 0001:000067e0       ??0out_of_range@std@@QAE@ABV01@@Z 100077e0 f i WX_base.obj
 0001:00006800       ?_Buynode@?$_Tree@V?$_Tmap_traits@VGxxKey@@V?$GxxAutoPtr@VGxxValue@@@@U?$less@VGxxKey@@@std@@V?$allocator@U?$pair@$$CBVGxxKey@@V?$GxxAutoPtr@VGxxValue@@@@@std@@@4@$0A@@std@@@std@@IAEPAU_Node@?$_Tree_nod@V?$_Tmap_traits@VGxxKey@@V?$GxxAutoPtr@VGxxValue@@@@U?$less@VGxxKey@@@std@@V?$allocator@U?$pair@$$CBVGxxKey@@V?$GxxAutoPtr@VGxxValue@@@@@std@@@4@$0A@@std@@@2@PAU342@00ABU?$pair@$$CBVGxxKey@@V?$GxxAutoPtr@VGxxValue@@@@@2@D@Z 10007800 f i WX_base.obj
 0001:00006890       ??$_Uninit_fill_n@PAV?$GxxAutoPtr@VGxxValue@@@@IV1@V?$allocator@V?$GxxAutoPtr@VGxxValue@@@@@std@@@std@@YAXPAV?$GxxAutoPtr@VGxxValue@@@@IABV1@AAV?$allocator@V?$GxxAutoPtr@VGxxValue@@@@@0@U_Nonscalar_ptr_iterator_tag@0@@Z 10007890 f i WX_base.obj
 0001:000068d0       ?ValueForKey@GxxValueMap@@QAE?AV?$GxxAutoPtr@VGxxValue@@@@ABVGxxKey@@@Z 100078d0 f   WX_base.obj
 0001:00006930       ?_Erase@?$_Tree@V?$_Tmap_traits@VGxxKey@@V?$GxxAutoPtr@VGxxValue@@@@U?$less@VGxxKey@@@std@@V?$allocator@U?$pair@$$CBVGxxKey@@V?$GxxAutoPtr@VGxxValue@@@@@std@@@4@$0A@@std@@@std@@IAEXPAU_Node@?$_Tree_nod@V?$_Tmap_traits@VGxxKey@@V?$GxxAutoPtr@VGxxValue@@@@U?$less@VGxxKey@@@std@@V?$allocator@U?$pair@$$CBVGxxKey@@V?$GxxAutoPtr@VGxxValue@@@@@std@@@4@$0A@@std@@@2@@Z 10007930 f i WX_base.obj
 0001:00006970       ?_Insert@?$_Tree@V?$_Tmap_traits@VGxxKey@@V?$GxxAutoPtr@VGxxValue@@@@U?$less@VGxxKey@@@std@@V?$allocator@U?$pair@$$CBVGxxKey@@V?$GxxAutoPtr@VGxxValue@@@@@std@@@4@$0A@@std@@@std@@IAE?AViterator@12@_NPAU_Node@?$_Tree_nod@V?$_Tmap_traits@VGxxKey@@V?$GxxAutoPtr@VGxxValue@@@@U?$less@VGxxKey@@@std@@V?$allocator@U?$pair@$$CBVGxxKey@@V?$GxxAutoPtr@VGxxValue@@@@@std@@@4@$0A@@std@@@2@ABU?$pair@$$CBVGxxKey@@V?$GxxAutoPtr@VGxxValue@@@@@2@@Z 10007970 f i WX_base.obj
 0001:00006b30       ?print@GxxDictionary@@UAEXXZ 10007b30 f   WX_base.obj
 0001:00006ba0       ?valueForKey@GxxDictionary@@QAEPAVGxxValue@@PBD@Z 10007ba0 f   WX_base.obj
 0001:00006c60       ?describe_d@GxxDictionary@@QAE?AV?$basic_string@DU?$char_traits@D@std@@V?$allocator@D@2@@std@@H_N@Z 10007c60 f   WX_base.obj
 0001:00007040       ?describe_d@GxxArray@@QAE?AV?$basic_string@DU?$char_traits@D@std@@V?$allocator@D@2@@std@@H_N@Z 10008040 f   WX_base.obj
 0001:000073a0       ?_Ufill@?$vector@V?$GxxAutoPtr@VGxxValue@@@@V?$allocator@V?$GxxAutoPtr@VGxxValue@@@@@std@@@std@@IAEPAV?$GxxAutoPtr@VGxxValue@@@@PAV3@IABV3@@Z 100083a0 f i WX_base.obj
 0001:000073d0       ?_Insert_n@?$vector@V?$GxxAutoPtr@VGxxValue@@@@V?$allocator@V?$GxxAutoPtr@VGxxValue@@@@@std@@@std@@IAEXViterator@12@IABV?$GxxAutoPtr@VGxxValue@@@@@Z 100083d0 f i WX_base.obj
 0001:00007690       ?insert@?$_Tree@V?$_Tmap_traits@VGxxKey@@V?$GxxAutoPtr@VGxxValue@@@@U?$less@VGxxKey@@@std@@V?$allocator@U?$pair@$$CBVGxxKey@@V?$GxxAutoPtr@VGxxValue@@@@@std@@@4@$0A@@std@@@std@@QAE?AU?$pair@Viterator@?$_Tree@V?$_Tmap_traits@VGxxKey@@V?$GxxAutoPtr@VGxxValue@@@@U?$less@VGxxKey@@@std@@V?$allocator@U?$pair@$$CBVGxxKey@@V?$GxxAutoPtr@VGxxValue@@@@@std@@@4@$0A@@std@@@std@@_N@2@ABU?$pair@$$CBVGxxKey@@V?$GxxAutoPtr@VGxxValue@@@@@2@@Z 10008690 f i WX_base.obj
 0001:000077b0       ?erase@?$_Tree@V?$_Tmap_traits@VGxxKey@@V?$GxxAutoPtr@VGxxValue@@@@U?$less@VGxxKey@@@std@@V?$allocator@U?$pair@$$CBVGxxKey@@V?$GxxAutoPtr@VGxxValue@@@@@std@@@4@$0A@@std@@@std@@QAE?AViterator@12@V312@0@Z 100087b0 f i WX_base.obj
 0001:00007870       ?describe@GxxDictionary@@UAE?AV?$basic_string@DU?$char_traits@D@std@@V?$allocator@D@2@@std@@XZ 10008870 f   WX_base.obj
 0001:00007890       ?describe@GxxArray@@UAE?AV?$basic_string@DU?$char_traits@D@std@@V?$allocator@D@2@@std@@XZ 10008890 f   WX_base.obj
 0001:000078b0       ?insert@?$_Tree@V?$_Tmap_traits@VGxxKey@@V?$GxxAutoPtr@VGxxValue@@@@U?$less@VGxxKey@@@std@@V?$allocator@U?$pair@$$CBVGxxKey@@V?$GxxAutoPtr@VGxxValue@@@@@std@@@4@$0A@@std@@@std@@QAE?AViterator@12@V312@ABU?$pair@$$CBVGxxKey@@V?$GxxAutoPtr@VGxxValue@@@@@2@@Z 100088b0 f i WX_base.obj
 0001:00007a60       ?push_back@?$vector@V?$GxxAutoPtr@VGxxValue@@@@V?$allocator@V?$GxxAutoPtr@VGxxValue@@@@@std@@@std@@QAEXABV?$GxxAutoPtr@VGxxValue@@@@@Z 10008a60 f i WX_base.obj
 0001:00007ad0       ??A?$map@VGxxKey@@V?$GxxAutoPtr@VGxxValue@@@@U?$less@VGxxKey@@@std@@V?$allocator@U?$pair@$$CBVGxxKey@@V?$GxxAutoPtr@VGxxValue@@@@@std@@@4@@std@@QAEAAV?$GxxAutoPtr@VGxxValue@@@@ABVGxxKey@@@Z 10008ad0 f i WX_base.obj
 0001:00007bd0       ?addValue@GxxArray@@QAEXABV?$GxxAutoPtr@VGxxValue@@@@@Z 10008bd0 f   WX_base.obj
 0001:00007be0       ??1?$map@VGxxKey@@V?$GxxAutoPtr@VGxxValue@@@@U?$less@VGxxKey@@@std@@V?$allocator@U?$pair@$$CBVGxxKey@@V?$GxxAutoPtr@VGxxValue@@@@@std@@@4@@std@@QAE@XZ 10008be0 f i WX_base.obj
 0001:00007c10       ?setValueForKey@GxxDictionary@@QAEXAAV?$GxxAutoPtr@VGxxValue@@@@PBD@Z 10008c10 f   WX_base.obj
 0001:00007cd0       ?init@GxxValueMap@@MAE_NXZ 10008cd0 f   WX_base.obj
 0001:00007d60       ?objectReleased@GxxValueMap@@MAEXXZ 10008d60 f   WX_base.obj
 0001:00007db0       ?Init@CCriticalSection@@AAEHXZ 10008db0 f i WxLog.obj
 0001:00007e30       ??0CCriticalSection@@QAE@XZ 10008e30 f i WxLog.obj
 0001:00007e90       ?Unlock@CSyncObject@@UAEHJPAJ@Z 10008e90 f i WxLog.obj
 0001:00007ea0       ??1CCriticalSection@@UAE@XZ 10008ea0 f i WxLog.obj
 0001:00007ec0       ?Lock@CCriticalSection@@UAEHK@Z 10008ec0 f i WxLog.obj
 0001:00007ed0       ?Lock@CCriticalSection@@QAEHXZ 10008ed0 f i WxLog.obj
 0001:00007f40       ?Unlock@CCriticalSection@@UAEHXZ 10008f40 f i WxLog.obj
 0001:00007f50       ??1CWxLog@@EAE@XZ          10008f50 f   WxLog.obj
 0001:00007fe0       ?MakeLogInfoHead@CWxLog@@IAEXAAV?$CStringT@_WV?$StrTraitMFC_DLL@_WV?$ChTraitsCRT@_W@ATL@@@@@ATL@@@Z 10008fe0 f   WxLog.obj
 0001:000080a0       ??0CFileException@@QAE@HJPB_W@Z 100090a0 f i WxLog.obj
 0001:00008110       ??1CFileException@@UAE@XZ  10009110 f i WxLog.obj
 0001:00008120       ??_ECCriticalSection@@UAEPAXI@Z 10009120 f i WxLog.obj
 0001:00008120       ??_GCCriticalSection@@UAEPAXI@Z 10009120 f i WxLog.obj
 0001:00008140       ??_ECWxLog@@EAEPAXI@Z      10009140 f i WxLog.obj
 0001:00008140       ??_GCWxLog@@EAEPAXI@Z      10009140 f i WxLog.obj
 0001:00008160       ?OpenLogFile@CWxLog@@IAEXXZ 10009160 f   WxLog.obj
 0001:00008230       ?SetLogPath@CWxLog@@QAEXV?$CStringT@_WV?$StrTraitMFC_DLL@_WV?$ChTraitsCRT@_W@ATL@@@@@ATL@@@Z 10009230 f   WxLog.obj
 0001:000082c0       ??_GCFileException@@UAEPAXI@Z 100092c0 f i WxLog.obj
 0001:000082c0       ??_ECFileException@@UAEPAXI@Z 100092c0 f i WxLog.obj
 0001:000082e0       ??0CWxLog@@AAE@XZ          100092e0 f   WxLog.obj
 0001:00008460       ?LogBuf@CWxLog@@IAE_NPBXI@Z 10009460 f   WxLog.obj
 0001:00008520       ?GetInstance@CWxLog@@SAPAV1@XZ 10009520 f   WxLog.obj
 0001:00008580       ?LogInfo@CWxLog@@IAE_NPB_W@Z 10009580 f   WxLog.obj
 0001:00008640       ?Write@CWxLog@@QAE_NPB_W@Z 10009640 f   WxLog.obj
 0001:000086e0       ?WriteFormat@CWxLog@@QAA_NPB_WZZ 100096e0 f   WxLog.obj
 0001:00008780       ?ChangeLogFileName@CWxLog@@IAEXXZ 10009780 f   WxLog.obj
 0001:00008860       ?GetMessageMap@CWxMiddlewareApp@@MBEPBUAFX_MSGMAP@@XZ 10009860 f   WxMiddleware.obj
 0001:00008870       ??0CWxMiddlewareApp@@QAE@XZ 10009870 f   WxMiddleware.obj
 0001:00008890       ??1CWxMiddlewareApp@@UAE@XZ 10009890 f i WxMiddleware.obj
 0001:000088a0       ?TimerProc@CWxMiddlewareApp@@KGXPAUHWND__@@IIK@Z 100098a0 f   WxMiddleware.obj
 0001:00008900       ?SetDelegate@@YGXPAVCWxMiddlewareDelete@@@Z 10009900 f   WxMiddleware.obj
 0001:00008920       ?LoginStatus@@YGXPB_WH@Z   10009920 f   WxMiddleware.obj
 0001:00008940       ?LogoutStatus@@YGXPB_WH@Z  10009940 f   WxMiddleware.obj
 0001:00008960       ?MessageStatus@@YGXH@Z     10009960 f   WxMiddleware.obj
 0001:00008980       ??_ECWxMiddlewareApp@@UAEPAXI@Z 10009980 f i WxMiddleware.obj
 0001:00008980       ??_GCWxMiddlewareApp@@UAEPAXI@Z 10009980 f i WxMiddleware.obj
 0001:000089a0       ?InitInstance@CWxMiddlewareApp@@UAEHXZ 100099a0 f   WxMiddleware.obj
 0001:00008a8e       ?MD5Final@@YGXPAUMD5_CTX@@@Z 10009a8e f   MD5:ADVAPI32.dll
 0001:00008a94       ?MD5Update@@YGXPAUMD5_CTX@@PBXI@Z 10009a94 f   MD5:ADVAPI32.dll
 0001:00008a9a       ?MD5Init@@YGXPAUMD5_CTX@@@Z 10009a9a f   MD5:ADVAPI32.dll
 0001:00008aa0       ??3@YAXPAX@Z               10009aa0 f   mfc71u:MFC71U.DLL
 0001:00008aa6       ?AfxThrowOleException@@YGXJ@Z 10009aa6 f   mfc71u:MFC71U.DLL
 0001:00008aac       ?AfxThrowMemoryException@@YGXXZ 10009aac f   mfc71u:MFC71U.DLL
 0001:00008ab2       ??2@YAPAXI@Z               10009ab2 f   mfc71u:MFC71U.DLL
 0001:00008ab8       ??_U@YAPAXI@Z              10009ab8 f   mfc71u:MFC71U.DLL
 0001:00008abe       ??_V@YAXPAX@Z              10009abe f   mfc71u:MFC71U.DLL
 0001:00008ac4       ?SendToHelper@CAsyncSocket@@MAEHPBXHPBUsockaddr@@HH@Z 10009ac4 f   mfc71u:MFC71U.DLL
 0001:00008aca       ?ReceiveFromHelper@CAsyncSocket@@MAEHPAXHPAUsockaddr@@PAHH@Z 10009aca f   mfc71u:MFC71U.DLL
 0001:00008ad0       ?ConnectHelper@CAsyncSocket@@MAEHPBUsockaddr@@H@Z 10009ad0 f   mfc71u:MFC71U.DLL
 0001:00008ad6       ?OnAccept@CAsyncSocket@@MAEXH@Z 10009ad6 f   mfc71u:MFC71U.DLL
 0001:00008adc       ?OnOutOfBandData@CAsyncSocket@@MAEXH@Z 10009adc f   mfc71u:MFC71U.DLL
 0001:00008ae2       ?Send@CAsyncSocket@@UAEHPBXHH@Z 10009ae2 f   mfc71u:MFC71U.DLL
 0001:00008ae8       ?Receive@CAsyncSocket@@UAEHPAXHH@Z 10009ae8 f   mfc71u:MFC71U.DLL
 0001:00008aee       ?Close@CAsyncSocket@@UAEXXZ 10009aee f   mfc71u:MFC71U.DLL
 0001:00008af4       ?Accept@CAsyncSocket@@UAEHAAV1@PAUsockaddr@@PAH@Z 10009af4 f   mfc71u:MFC71U.DLL
 0001:00008afa       ?GetRuntimeClass@CAsyncSocket@@UBEPAUCRuntimeClass@@XZ 10009afa f   mfc71u:MFC71U.DLL
 0001:00008b00       ??0CAsyncSocket@@QAE@XZ    10009b00 f   mfc71u:MFC71U.DLL
 0001:00008b06       ??1CAsyncSocket@@UAE@XZ    10009b06 f   mfc71u:MFC71U.DLL
 0001:00008b0c       ?Connect@CAsyncSocket@@QAEHPB_WI@Z 10009b0c f   mfc71u:MFC71U.DLL
 0001:00008b12       ?Create@CAsyncSocket@@QAEHIHJPB_W@Z 10009b12 f   mfc71u:MFC71U.DLL
 0001:00008b18       ?OnConnect@CAsyncSocket@@MAEXH@Z 10009b18 f   mfc71u:MFC71U.DLL
 0001:00008b1e       ?OnClose@CAsyncSocket@@MAEXH@Z 10009b1e f   mfc71u:MFC71U.DLL
 0001:00008b24       ?CreateControlSite@CWnd@@MAEHPAVCOleControlContainer@@PAPAVCOleControlSite@@IABU_GUID@@@Z 10009b24 f   mfc71u:MFC71U.DLL
 0001:00008b2a       ?CreateControlContainer@CWnd@@MAEHPAPAVCOleControlContainer@@@Z 10009b2a f   mfc71u:MFC71U.DLL
 0001:00008b30       ?IsFrameWnd@CWnd@@UBEHXZ   10009b30 f   mfc71u:MFC71U.DLL
 0001:00008b36       ?OnChildNotify@CWnd@@MAEHIIJPAJ@Z 10009b36 f   mfc71u:MFC71U.DLL
 0001:00008b3c       ?PostNcDestroy@CWnd@@MAEXXZ 10009b3c f   mfc71u:MFC71U.DLL
 0001:00008b42       ?DefWindowProcW@CWnd@@MAEJIIJ@Z 10009b42 f   mfc71u:MFC71U.DLL
 0001:00008b48       ?OnWndMsg@CWnd@@MAEHIIJPAJ@Z 10009b48 f   mfc71u:MFC71U.DLL
 0001:00008b4e       ?WindowProc@CWnd@@MAEJIIJ@Z 10009b4e f   mfc71u:MFC71U.DLL
 0001:00008b54       ?OnAmbientProperty@CWnd@@UAEHPAVCOleControlSite@@JPAUtagVARIANT@@@Z 10009b54 f   mfc71u:MFC71U.DLL
 0001:00008b5a       ?GetSuperWndProcAddr@CWnd@@MAEPAP6GJPAUHWND__@@IIJ@ZXZ 10009b5a f   mfc71u:MFC71U.DLL
 0001:00008b60       ?OnNotify@CWnd@@MAEHIJPAJ@Z 10009b60 f   mfc71u:MFC71U.DLL
 0001:00008b66       ?OnCommand@CWnd@@MAEHIJ@Z  10009b66 f   mfc71u:MFC71U.DLL
 0001:00008b6c       ?CreateAccessibleProxy@CWnd@@UAEJIJPAJ@Z 10009b6c f   mfc71u:MFC71U.DLL
 0001:00008b72       ?SetProxy@CWnd@@UAEJPAUIAccessibleProxy@@@Z 10009b72 f   mfc71u:MFC71U.DLL
 0001:00008b78       ?put_accValue@CWnd@@UAEJUtagVARIANT@@PA_W@Z 10009b78 f   mfc71u:MFC71U.DLL
 0001:00008b7e       ?put_accName@CWnd@@UAEJUtagVARIANT@@PA_W@Z 10009b7e f   mfc71u:MFC71U.DLL
 0001:00008b84       ?accDoDefaultAction@CWnd@@UAEJUtagVARIANT@@@Z 10009b84 f   mfc71u:MFC71U.DLL
 0001:00008b8a       ?accHitTest@CWnd@@UAEJJJPAUtagVARIANT@@@Z 10009b8a f   mfc71u:MFC71U.DLL
 0001:00008b90       ?accNavigate@CWnd@@UAEJJUtagVARIANT@@PAU2@@Z 10009b90 f   mfc71u:MFC71U.DLL
 0001:00008b96       ?accLocation@CWnd@@UAEJPAJ000UtagVARIANT@@@Z 10009b96 f   mfc71u:MFC71U.DLL
 0001:00008b9c       ?accSelect@CWnd@@UAEJJUtagVARIANT@@@Z 10009b9c f   mfc71u:MFC71U.DLL
 0001:00008ba2       ?get_accDefaultAction@CWnd@@UAEJUtagVARIANT@@PAPA_W@Z 10009ba2 f   mfc71u:MFC71U.DLL
 0001:00008ba8       ?get_accSelection@CWnd@@UAEJPAUtagVARIANT@@@Z 10009ba8 f   mfc71u:MFC71U.DLL
 0001:00008bae       ?get_accFocus@CWnd@@UAEJPAUtagVARIANT@@@Z 10009bae f   mfc71u:MFC71U.DLL
 0001:00008bb4       ?get_accKeyboardShortcut@CWnd@@UAEJUtagVARIANT@@PAPA_W@Z 10009bb4 f   mfc71u:MFC71U.DLL
 0001:00008bba       ?get_accHelpTopic@CWnd@@UAEJPAPA_WUtagVARIANT@@PAJ@Z 10009bba f   mfc71u:MFC71U.DLL
 0001:00008bc0       ?get_accHelp@CWnd@@UAEJUtagVARIANT@@PAPA_W@Z 10009bc0 f   mfc71u:MFC71U.DLL
 0001:00008bc6       ?get_accState@CWnd@@UAEJUtagVARIANT@@PAU2@@Z 10009bc6 f   mfc71u:MFC71U.DLL
 0001:00008bcc       ?get_accRole@CWnd@@UAEJUtagVARIANT@@PAU2@@Z 10009bcc f   mfc71u:MFC71U.DLL
 0001:00008bd2       ?get_accDescription@CWnd@@UAEJUtagVARIANT@@PAPA_W@Z 10009bd2 f   mfc71u:MFC71U.DLL
 0001:00008bd8       ?get_accValue@CWnd@@UAEJUtagVARIANT@@PAPA_W@Z 10009bd8 f   mfc71u:MFC71U.DLL
 0001:00008bde       ?get_accName@CWnd@@UAEJUtagVARIANT@@PAPA_W@Z 10009bde f   mfc71u:MFC71U.DLL
 0001:00008be4       ?get_accChild@CWnd@@UAEJUtagVARIANT@@PAPAUIDispatch@@@Z 10009be4 f   mfc71u:MFC71U.DLL
 0001:00008bea       ?get_accChildCount@CWnd@@UAEJPAJ@Z 10009bea f   mfc71u:MFC71U.DLL
 0001:00008bf0       ?get_accParent@CWnd@@UAEJPAPAUIDispatch@@@Z 10009bf0 f   mfc71u:MFC71U.DLL
 0001:00008bf6       ?EnsureStdObj@CWnd@@UAEJXZ 10009bf6 f   mfc71u:MFC71U.DLL
 0001:00008bfc       ?EndModalLoop@CWnd@@UAEXH@Z 10009bfc f   mfc71u:MFC71U.DLL
 0001:00008c02       ?ContinueModal@CWnd@@UAEHXZ 10009c02 f   mfc71u:MFC71U.DLL
 0001:00008c08       ?WinHelpInternal@CWnd@@UAEXKI@Z 10009c08 f   mfc71u:MFC71U.DLL
 0001:00008c0e       ?HtmlHelpW@CWnd@@UAEXKI@Z  10009c0e f   mfc71u:MFC71U.DLL
 0001:00008c14       ?WinHelpW@CWnd@@UAEXKI@Z   10009c14 f   mfc71u:MFC71U.DLL
 0001:00008c1a       ?GetScrollBarCtrl@CWnd@@UBEPAVCScrollBar@@H@Z 10009c1a f   mfc71u:MFC71U.DLL
 0001:00008c20       ?OnToolHitTest@CWnd@@UBEHVCPoint@@PAUtagTOOLINFOW@@@Z 10009c20 f   mfc71u:MFC71U.DLL
 0001:00008c26       ?CalcWindowRect@CWnd@@UAEXPAUtagRECT@@I@Z 10009c26 f   mfc71u:MFC71U.DLL
 0001:00008c2c       ?PreCreateWindow@CWnd@@UAEHAAUtagCREATESTRUCTW@@@Z 10009c2c f   mfc71u:MFC71U.DLL
 0001:00008c32       ?DestroyWindow@CWnd@@UAEHXZ 10009c32 f   mfc71u:MFC71U.DLL
 0001:00008c38       ?CreateEx@CWnd@@UAEHKPB_W0KHHHHPAUHWND__@@PAUHMENU__@@PAX@Z 10009c38 f   mfc71u:MFC71U.DLL
 0001:00008c3e       ?CreateEx@CWnd@@UAEHKPB_W0KABUtagRECT@@PAV1@IPAX@Z 10009c3e f   mfc71u:MFC71U.DLL
 0001:00008c44       ?Create@CWnd@@UAEHPB_W0KABUtagRECT@@PAV1@IPAUCCreateContext@@@Z 10009c44 f   mfc71u:MFC71U.DLL
 0001:00008c4a       ?PreSubclassWindow@CWnd@@UAEXXZ 10009c4a f   mfc71u:MFC71U.DLL
 0001:00008c50       ?GetConnectionHook@CCmdTarget@@MAEPAUIConnectionPoint@@ABU_GUID@@@Z 10009c50 f   mfc71u:MFC71U.DLL
 0001:00008c56       ?GetExtraConnectionPoints@CCmdTarget@@MAEHPAVCPtrArray@@@Z 10009c56 f   mfc71u:MFC71U.DLL
 0001:00008c5c       ?GetInterfaceHook@CCmdTarget@@UAEPAUIUnknown@@PBX@Z 10009c5c f   mfc71u:MFC71U.DLL
 0001:00008c62       ?OnCreateAggregates@CCmdTarget@@UAEHXZ 10009c62 f   mfc71u:MFC71U.DLL
 0001:00008c68       ?GetEventSinkMap@CCmdTarget@@MBEPBUAFX_EVENTSINKMAP@@XZ 10009c68 f   mfc71u:MFC71U.DLL
 0001:00008c6e       ?GetInterfaceMap@CWnd@@MBEPBUAFX_INTERFACEMAP@@XZ 10009c6e f   mfc71u:MFC71U.DLL
 0001:00008c74       ?GetConnectionMap@CCmdTarget@@MBEPBUAFX_CONNECTIONMAP@@XZ 10009c74 f   mfc71u:MFC71U.DLL
 0001:00008c7a       ?GetDispatchMap@CCmdTarget@@MBEPBUAFX_DISPMAP@@XZ 10009c7a f   mfc71u:MFC71U.DLL
 0001:00008c80       ?GetCommandMap@CCmdTarget@@MBEPBUAFX_OLECMDMAP@@XZ 10009c80 f   mfc71u:MFC71U.DLL
 0001:00008c86       ?GetTypeLib@CCmdTarget@@UAEJKPAPAUITypeLib@@@Z 10009c86 f   mfc71u:MFC71U.DLL
 0001:00008c8c       ?GetTypeLibCache@CCmdTarget@@UAEPAVCTypeLibCache@@XZ 10009c8c f   mfc71u:MFC71U.DLL
 0001:00008c92       ?GetTypeInfoCount@CCmdTarget@@UAEIXZ 10009c92 f   mfc71u:MFC71U.DLL
 0001:00008c98       ?GetDispatchIID@CCmdTarget@@UAEHPAU_GUID@@@Z 10009c98 f   mfc71u:MFC71U.DLL
 0001:00008c9e       ?IsInvokeAllowed@CCmdTarget@@UAEHJ@Z 10009c9e f   mfc71u:MFC71U.DLL
 0001:00008ca4       ?OnFinalRelease@CWnd@@UAEXXZ 10009ca4 f   mfc71u:MFC71U.DLL
 0001:00008caa       ?GetThisMessageMap@CWnd@@KGPBUAFX_MSGMAP@@XZ 10009caa f   mfc71u:MFC71U.DLL
 0001:00008cb0       ?GetThisClass@CWnd@@SGPAUCRuntimeClass@@XZ 10009cb0 f   mfc71u:MFC71U.DLL
 0001:00008cb6       ?SetOccDialogInfo@CWnd@@MAEHPAU_AFX_OCC_DIALOG_INFO@@@Z 10009cb6 f   mfc71u:MFC71U.DLL
 0001:00008cbc       ?CheckAutoCenter@CWnd@@UAEHXZ 10009cbc f   mfc71u:MFC71U.DLL
 0001:00008cc2       ?PreTranslateMessage@CWnd@@UAEHPAUtagMSG@@@Z 10009cc2 f   mfc71u:MFC71U.DLL
 0001:00008cc8       ?OnCmdMsg@CCmdTarget@@UAEHIHPAXPAUAFX_CMDHANDLERINFO@@@Z 10009cc8 f   mfc71u:MFC71U.DLL
 0001:00008cce       ??0CWnd@@QAE@XZ            10009cce f   mfc71u:MFC71U.DLL
 0001:00008cd4       ??1CWnd@@UAE@XZ            10009cd4 f   mfc71u:MFC71U.DLL
 0001:00008cda       ?Unlock@CSingleLock@@QAEHXZ 10009cda f   mfc71u:MFC71U.DLL
 0001:00008ce0       ?GetRuntimeClass@CCriticalSection@@UBEPAUCRuntimeClass@@XZ 10009ce0 f   mfc71u:MFC71U.DLL
 0001:00008ce6       ??1CSyncObject@@UAE@XZ     10009ce6 f   mfc71u:MFC71U.DLL
 0001:00008cec       ??0CSyncObject@@QAE@PB_W@Z 10009cec f   mfc71u:MFC71U.DLL
 0001:00008cf2       ??1CFile@@UAE@XZ           10009cf2 f   mfc71u:MFC71U.DLL
 0001:00008cf8       ?ReportError@CException@@UAEHII@Z 10009cf8 f   mfc71u:MFC71U.DLL
 0001:00008cfe       ?GetErrorMessage@CFileException@@UAEHPA_WIPAI@Z 10009cfe f   mfc71u:MFC71U.DLL
 0001:00008d04       ?GetRuntimeClass@CFileException@@UBEPAUCRuntimeClass@@XZ 10009d04 f   mfc71u:MFC71U.DLL
 0001:00008d0a       ??0CException@@QAE@XZ      10009d0a f   mfc71u:MFC71U.DLL
 0001:00008d10       ??0CSingleLock@@QAE@PAVCSyncObject@@H@Z 10009d10 f   mfc71u:MFC71U.DLL
 0001:00008d16       ??0CFile@@QAE@XZ           10009d16 f   mfc71u:MFC71U.DLL
 0001:00008d1c       ?Delete@CException@@QAEXXZ 10009d1c f   mfc71u:MFC71U.DLL
 0001:00008d22       ?GetThisMessageMap@CWinApp@@KGPBUAFX_MSGMAP@@XZ 10009d22 f   mfc71u:MFC71U.DLL
 0001:00008d28       ?LoadSysPolicies@CWinApp@@UAEHXZ 10009d28 f   mfc71u:MFC71U.DLL
 0001:00008d2e       ?LoadAppLangResourceDLL@CWinApp@@UAEPAUHINSTANCE__@@XZ 10009d2e f   mfc71u:MFC71U.DLL
 0001:00008d34       ?WinHelpInternal@CWinApp@@UAEXKI@Z 10009d34 f   mfc71u:MFC71U.DLL
 0001:00008d3a       ?HtmlHelpW@CWinApp@@UAEXKI@Z 10009d3a f   mfc71u:MFC71U.DLL
 0001:00008d40       ?WinHelpW@CWinApp@@UAEXKI@Z 10009d40 f   mfc71u:MFC71U.DLL
 0001:00008d46       ?OnDDECommand@CWinApp@@UAEHPA_W@Z 10009d46 f   mfc71u:MFC71U.DLL
 0001:00008d4c       ?DoWaitCursor@CWinApp@@UAEXH@Z 10009d4c f   mfc71u:MFC71U.DLL
 0001:00008d52       ?DoMessageBox@CWinApp@@UAEHPB_WII@Z 10009d52 f   mfc71u:MFC71U.DLL
 0001:00008d58       ?SaveAllModified@CWinApp@@UAEHXZ 10009d58 f   mfc71u:MFC71U.DLL
 0001:00008d5e       ?InitApplication@CWinApp@@UAEHXZ 10009d5e f   mfc71u:MFC71U.DLL
 0001:00008d64       ?AddToRecentFileList@CWinApp@@UAEXPB_W@Z 10009d64 f   mfc71u:MFC71U.DLL
 0001:00008d6a       ?OpenDocumentFile@CWinApp@@UAEPAVCDocument@@PB_W@Z 10009d6a f   mfc71u:MFC71U.DLL
 0001:00008d70       ?Unregister@CWinApp@@UAEHXZ 10009d70 f   mfc71u:MFC71U.DLL
 0001:00008d76       ?Register@CWinApp@@UAEHXZ  10009d76 f   mfc71u:MFC71U.DLL
 0001:00008d7c       ?InitLibId@CWinApp@@UAEXXZ 10009d7c f   mfc71u:MFC71U.DLL
 0001:00008d82       ?Delete@CWinThread@@UAEXXZ 10009d82 f   mfc71u:MFC71U.DLL
 0001:00008d88       ?GetMainWnd@CWinThread@@UAEPAVCWnd@@XZ 10009d88 f   mfc71u:MFC71U.DLL
 0001:00008d8e       ?ProcessMessageFilter@CWinThread@@UAEHHPAUtagMSG@@@Z 10009d8e f   mfc71u:MFC71U.DLL
 0001:00008d94       ?ProcessWndProcException@CWinApp@@UAEJPAVCException@@PBUtagMSG@@@Z 10009d94 f   mfc71u:MFC71U.DLL
 0001:00008d9a       ?ExitInstance@CWinApp@@UAEHXZ 10009d9a f   mfc71u:MFC71U.DLL
 0001:00008da0       ?IsIdleMessage@CWinThread@@UAEHPAUtagMSG@@@Z 10009da0 f   mfc71u:MFC71U.DLL
 0001:00008da6       ?OnIdle@CWinApp@@UAEHJ@Z   10009da6 f   mfc71u:MFC71U.DLL
 0001:00008dac       ?PumpMessage@CWinThread@@UAEHXZ 10009dac f   mfc71u:MFC71U.DLL
 0001:00008db2       ?PreTranslateMessage@CWinThread@@UAEHPAUtagMSG@@@Z 10009db2 f   mfc71u:MFC71U.DLL
 0001:00008db8       ?Run@CWinApp@@UAEHXZ       10009db8 f   mfc71u:MFC71U.DLL
 0001:00008dbe       ?GetInterfaceMap@CCmdTarget@@MBEPBUAFX_INTERFACEMAP@@XZ 10009dbe f   mfc71u:MFC71U.DLL
 0001:00008dc4       ?OnFinalRelease@CCmdTarget@@UAEXXZ 10009dc4 f   mfc71u:MFC71U.DLL
 0001:00008dca       ?GetRuntimeClass@CWinApp@@UBEPAUCRuntimeClass@@XZ 10009dca f   mfc71u:MFC71U.DLL
 0001:00008dd0       ??0CWinApp@@QAE@PB_W@Z     10009dd0 f   mfc71u:MFC71U.DLL
 0001:00008dd6       ??1CWinApp@@UAE@XZ         10009dd6 f   mfc71u:MFC71U.DLL
 0001:00008ddc       ?AfxGetModuleState@@YGPAVAFX_MODULE_STATE@@XZ 10009ddc f   mfc71u:MFC71U.DLL
 0001:00008de2       ?AfxThrowResourceException@@YGXXZ 10009de2 f   mfc71u:MFC71U.DLL
 0001:00008de8       ?AfxRegisterClass@@YGHPAUtagWNDCLASSW@@@Z 10009de8 f   mfc71u:MFC71U.DLL
 0001:00008dee       ?AfxGetAfxWndProc@@YGP6GJPAUHWND__@@IIJ@ZXZ 10009dee f   mfc71u:MFC71U.DLL
 0001:00008df4       ?InitInstance@CWinApp@@UAEHXZ 10009df4 f   mfc71u:MFC71U.DLL
 0001:00008dfa       ??1_AFX_DLL_MODULE_STATE@@UAE@XZ 10009dfa f i mfcs71u:dllmodul.obj
 0001:00008dff       _RawDllMain@12             10009dff f   mfcs71u:dllmodul.obj
 0001:00008e50       ??1AFX_MAINTAIN_STATE2@@QAE@XZ 10009e50 f i mfcs71u:dllmodul.obj
 0001:00008e59       ?AfxWndProcDllStatic@@YGJPAUHWND__@@IIJ@Z 10009e59 f   mfcs71u:dllmodul.obj
 0001:00008e9e       _DllMain@12                10009e9e f   mfcs71u:dllmodul.obj
 0001:00008fc5       ??0_AFX_DLL_MODULE_STATE@@QAE@XZ 10009fc5 f i mfcs71u:dllmodul.obj
 0001:00008fe5       ??_E_AFX_DLL_MODULE_STATE@@UAEPAXI@Z 10009fe5 f i mfcs71u:dllmodul.obj
 0001:00008fe5       ??_G_AFX_DLL_MODULE_STATE@@UAEPAXI@Z 10009fe5 f i mfcs71u:dllmodul.obj
 0001:00009031       @__security_check_cookie@4 1000a031 f   msvcrt:secchk.obj
 0001:00009040       ___CxxFrameHandler         1000a040 f   msvcrt:MSVCR71.dll
 0001:00009050       __except_handler3          1000a050 f   msvcrt:MSVCR71.dll
 0001:00009056       _wcslen                    1000a056 f   msvcrt:MSVCR71.dll
 0001:0000905c       _free                      1000a05c f   msvcrt:MSVCR71.dll
 0001:00009062       _malloc                    1000a062 f   msvcrt:MSVCR71.dll
 0001:00009068       ??0exception@@QAE@ABV0@@Z  1000a068 f   msvcrt:MSVCR71.dll
 0001:0000906e       ??_Etype_info@@UAEPAXI@Z   1000a06e f i msvcrt:ti_inst.obj
 0001:000090ba       __CxxThrowException@8      1000a0ba f   msvcrt:MSVCR71.dll
 0001:000090c0       ?__ArrayUnwind@@YGXPAXIHP6EX0@Z@Z 1000a0c0 f   msvcrt:ehvecdtr.obj
 0001:0000911e       ??_M@YGXPAXIHP6EX0@Z@Z     1000a11e f   msvcrt:ehvecdtr.obj
 0001:0000917e       __onexit                   1000a17e f   msvcrt:atonexit.obj
 0001:000091a4       _atexit                    1000a1a4 f   msvcrt:atonexit.obj
 0001:000091c0       __alloca_probe             1000a1c0     msvcrt:chkstk.obj
 0001:000091c0       __chkstk                   1000a1c0 f   msvcrt:chkstk.obj
 0001:000091fd       __CRT_INIT@12              1000a1fd f   msvcrt:crtdll.obj
 0001:000092bb       __DllMainCRTStartup@12     1000a2bb f   msvcrt:crtdll.obj
 0001:000093a0       __EH_prolog                1000a3a0 f   msvcrt:ehprolog.obj
 0001:000093c0       _memset                    1000a3c0 f   msvcrt:MSVCR71.dll
 0001:000093c8       __SEH_prolog               1000a3c8 f   msvcrt:sehprolg.obj
 0001:00009403       __SEH_epilog               1000a403 f   msvcrt:sehprolg.obj
 0001:00009414       ___security_init_cookie    1000a414 f   msvcrt:seccinit.obj
 0001:0000947a       ___security_error_handler  1000a47a f   msvcrt:MSVCR71.dll
 0001:00009480       ??1type_info@@UAE@XZ       1000a480 f   msvcrt:MSVCR71.dll
 0001:00009486       ?terminate@@YAXXZ          1000a486 f   msvcrt:MSVCR71.dll
 0001:0000948c       ___dllonexit               1000a48c f   msvcrt:MSVCR71.dll
 0001:00009492       __initterm                 1000a492 f   msvcrt:MSVCR71.dll
 0001:00009498       __RTC_Initialize           1000a498 f   msvcrt:initsect.obj
 0001:000094dc       __RTC_Terminate            1000a4dc f   msvcrt:initsect.obj
 0001:00009520       ___CppXcptFilter           1000a520 f   msvcrt:MSVCR71.dll
 0001:00009526       ?RemoveAll@?$CSimpleArray@PAUHINSTANCE__@@V?$CSimpleArrayEqualHelper@PAUHINSTANCE__@@@ATL@@@ATL@@QAEXXZ 1000a526 f i atls:atlbase.obj
 0001:00009543       ??0_ATL_BASE_MODULE70@ATL@@QAE@XZ 1000a543 f i atls:atlbase.obj
 0001:0000955d       ??1CAtlBaseModule@ATL@@QAE@XZ 1000a55d f   atls:atlbase.obj
 0001:00009573       ??0CAtlBaseModule@ATL@@QAE@XZ 1000a573 f   atls:atlbase.obj
 0001:00009620       ?_com_issue_error@@YGXJ@Z  1000a620 f   comsuppw:comsupp.obj
 0001:00009630       ?_com_issue_errorex@@YGXJPAUIUnknown@@ABU_GUID@@@Z 1000a630 f   comsuppw:comsupp.obj
 0001:000096a0       ?ConvertStringToBSTR@_com_util@@YGPA_WPBD@Z 1000a6a0 f   comsuppw:comutil.obj
 0001:00009800       ?ConvertBSTRToString@_com_util@@YGPADPA_W@Z 1000a800 f   comsuppw:comutil.obj
 0001:00009960       ?_com_raise_error@@YGXJPAUIErrorInfo@@@Z 1000a960 f   comsuppw:comraise.obj
 0001:000099a0       ??0_com_error@@QAE@ABV0@@Z 1000a9a0 f i comsuppw:comraise.obj
 0001:000099d2       ??1AFX_MODULE_STATE@@UAE@XZ 1000a9d2 f   mfc71u:MFC71U.DLL
 0001:000099d8       ?AfxSetModuleState@@YGPAVAFX_MODULE_STATE@@PAV1@@Z 1000a9d8 f   mfc71u:MFC71U.DLL
 0001:000099de       ?AfxGetThreadState@@YGPAV_AFX_THREAD_STATE@@XZ 1000a9de f   mfc71u:MFC71U.DLL
 0001:000099e4       ?AfxWndProc@@YGJPAUHWND__@@IIJ@Z 1000a9e4 f   mfc71u:MFC71U.DLL
 0001:000099ea       ??0AFX_MAINTAIN_STATE2@@QAE@PAVAFX_MODULE_STATE@@@Z 1000a9ea f   mfc71u:MFC71U.DLL
 0001:000099f0       ?AfxTermThread@@YGXPAUHINSTANCE__@@@Z 1000a9f0 f   mfc71u:MFC71U.DLL
 0001:000099f6       ?AfxTermExtensionModule@@YGXAAUAFX_EXTENSION_MODULE@@H@Z 1000a9f6 f   mfc71u:MFC71U.DLL
 0001:000099fc       ?AfxUnlockTempMaps@@YGHH@Z 1000a9fc f   mfc71u:MFC71U.DLL
 0001:00009a02       ?AfxLockTempMaps@@YGXXZ    1000aa02 f   mfc71u:MFC71U.DLL
 0001:00009a08       ??0CDynLinkLibrary@@QAE@AAUAFX_EXTENSION_MODULE@@H@Z 1000aa08 f   mfc71u:MFC71U.DLL
 0001:00009a0e       ?AfxInitExtensionModule@@YGHAAUAFX_EXTENSION_MODULE@@PAUHINSTANCE__@@@Z 1000aa0e f   mfc71u:MFC71U.DLL
 0001:00009a14       ?AfxWinTerm@@YGXXZ         1000aa14 f   mfc71u:MFC71U.DLL
 0001:00009a1a       ?AfxWinInit@@YGHPAUHINSTANCE__@@0PA_WH@Z 1000aa1a f   mfc71u:MFC71U.DLL
 0001:00009a20       ?AfxCoreInitModule@@YGXXZ  1000aa20 f   mfc71u:MFC71U.DLL
 0001:00009a26       ??0AFX_MODULE_STATE@@QAE@HP6GJPAUHWND__@@IIJ@ZKH@Z 1000aa26 f   mfc71u:MFC71U.DLL
 0001:00009a2c       ??3CNoTrackObject@@SGXPAX@Z 1000aa2c f   mfc71u:MFC71U.DLL
 0002:00000000       __imp_?MD5Update@@YGXPAUMD5_CTX@@PBXI@Z 1000c000     MD5:ADVAPI32.dll
 0002:00000004       __imp_?MD5Init@@YGXPAUMD5_CTX@@@Z 1000c004     MD5:ADVAPI32.dll
 0002:00000008       __imp_?MD5Final@@YGXPAUMD5_CTX@@@Z 1000c008     MD5:ADVAPI32.dll
 0002:0000000c       \177ADVAPI32_NULL_THUNK_DATA 1000c00c     MD5:ADVAPI32.dll
 0002:00000010       __imp__MultiByteToWideChar@24 1000c010     kernel32:KERNEL32.dll
 0002:00000014       __imp__GetLastError@0      1000c014     kernel32:KERNEL32.dll
 0002:00000018       __imp__WideCharToMultiByte@32 1000c018     kernel32:KERNEL32.dll
 0002:0000001c       __imp__lstrlenW@4          1000c01c     kernel32:KERNEL32.dll
 0002:00000020       __imp__DeleteCriticalSection@4 1000c020     kernel32:KERNEL32.dll
 0002:00000024       __imp__InitializeCriticalSection@4 1000c024     kernel32:KERNEL32.dll
 0002:00000028       __imp__GetVersionExW@4     1000c028     kernel32:KERNEL32.dll
 0002:0000002c       __imp__GetThreadLocale@0   1000c02c     kernel32:KERNEL32.dll
 0002:00000030       __imp__GetLocaleInfoA@16   1000c030     kernel32:KERNEL32.dll
 0002:00000034       __imp__GetACP@0            1000c034     kernel32:KERNEL32.dll
 0002:00000038       __imp__InterlockedExchange@8 1000c038     kernel32:KERNEL32.dll
 0002:0000003c       __imp__InterlockedIncrement@4 1000c03c     kernel32:KERNEL32.dll
 0002:00000040       __imp__LocalFree@4         1000c040     kernel32:KERNEL32.dll
 0002:00000044       __imp__InterlockedDecrement@4 1000c044     kernel32:KERNEL32.dll
 0002:00000048       __imp__EnterCriticalSection@4 1000c048     kernel32:KERNEL32.dll
 0002:0000004c       __imp__LeaveCriticalSection@4 1000c04c     kernel32:KERNEL32.dll
 0002:00000050       __imp__GetCurrentThreadId@0 1000c050     kernel32:KERNEL32.dll
 0002:00000054       __imp__GetLocalTime@4      1000c054     kernel32:KERNEL32.dll
 0002:00000058       __imp__GetModuleFileNameW@12 1000c058     kernel32:KERNEL32.dll
 0002:0000005c       __imp__LocalAlloc@8        1000c05c     kernel32:KERNEL32.dll
 0002:00000060       __imp__ExitProcess@4       1000c060     kernel32:KERNEL32.dll
 0002:00000064       __imp__QueryPerformanceCounter@4 1000c064     kernel32:KERNEL32.dll
 0002:00000068       __imp__GetTickCount@0      1000c068     kernel32:KERNEL32.dll
 0002:0000006c       __imp__GetCurrentProcessId@0 1000c06c     kernel32:KERNEL32.dll
 0002:00000070       __imp__GetSystemTimeAsFileTime@4 1000c070     kernel32:KERNEL32.dll
 0002:00000074       __imp__GetVersionExA@4     1000c074     kernel32:KERNEL32.dll
 0002:00000078       __imp__lstrlenA@4          1000c078     kernel32:KERNEL32.dll
 0002:0000007c       \177KERNEL32_NULL_THUNK_DATA 1000c07c     kernel32:KERNEL32.dll
 0002:00000080       __imp_?AppendFormat@?$CStringT@_WV?$StrTraitMFC_DLL@_WV?$ChTraitsCRT@_W@ATL@@@@@ATL@@QAAXPB_WZZ 1000c080     mfc71u:MFC71U.DLL
 0002:00000084       __imp_?Append@?$CSimpleStringT@_W$00@ATL@@QAEXPB_W@Z 1000c084     mfc71u:MFC71U.DLL
 0002:00000088       __imp_?Left@?$CStringT@_WV?$StrTraitMFC_DLL@_WV?$ChTraitsCRT@_W@ATL@@@@@ATL@@QBE?AV12@H@Z 1000c088     mfc71u:MFC71U.DLL
 0002:0000008c       __imp_??Y?$CStringT@_WV?$StrTraitMFC_DLL@_WV?$ChTraitsCRT@_W@ATL@@@@@ATL@@QAEAAV01@PB_W@Z 1000c08c     mfc71u:MFC71U.DLL
 0002:00000090       __imp_?SendToHelper@CAsyncSocket@@MAEHPBXHPBUsockaddr@@HH@Z 1000c090     mfc71u:MFC71U.DLL
 0002:00000094       __imp_?ReceiveFromHelper@CAsyncSocket@@MAEHPAXHPAUsockaddr@@PAHH@Z 1000c094     mfc71u:MFC71U.DLL
 0002:00000098       __imp_?ConnectHelper@CAsyncSocket@@MAEHPBUsockaddr@@H@Z 1000c098     mfc71u:MFC71U.DLL
 0002:0000009c       __imp_?OnAccept@CAsyncSocket@@MAEXH@Z 1000c09c     mfc71u:MFC71U.DLL
 0002:000000a0       __imp_?OnOutOfBandData@CAsyncSocket@@MAEXH@Z 1000c0a0     mfc71u:MFC71U.DLL
 0002:000000a4       __imp_?Send@CAsyncSocket@@UAEHPBXHH@Z 1000c0a4     mfc71u:MFC71U.DLL
 0002:000000a8       __imp_?Receive@CAsyncSocket@@UAEHPAXHH@Z 1000c0a8     mfc71u:MFC71U.DLL
 0002:000000ac       __imp_?Close@CAsyncSocket@@UAEXXZ 1000c0ac     mfc71u:MFC71U.DLL
 0002:000000b0       __imp_?Accept@CAsyncSocket@@UAEHAAV1@PAUsockaddr@@PAH@Z 1000c0b0     mfc71u:MFC71U.DLL
 0002:000000b4       __imp_?GetRuntimeClass@CAsyncSocket@@UBEPAUCRuntimeClass@@XZ 1000c0b4     mfc71u:MFC71U.DLL
 0002:000000b8       __imp_??0CAsyncSocket@@QAE@XZ 1000c0b8     mfc71u:MFC71U.DLL
 0002:000000bc       __imp_??1CAsyncSocket@@UAE@XZ 1000c0bc     mfc71u:MFC71U.DLL
 0002:000000c0       __imp_?Connect@CAsyncSocket@@QAEHPB_WI@Z 1000c0c0     mfc71u:MFC71U.DLL
 0002:000000c4       __imp_?Create@CAsyncSocket@@QAEHIHJPB_W@Z 1000c0c4     mfc71u:MFC71U.DLL
 0002:000000c8       __imp_?OnConnect@CAsyncSocket@@MAEXH@Z 1000c0c8     mfc71u:MFC71U.DLL
 0002:000000cc       __imp_?OnClose@CAsyncSocket@@MAEXH@Z 1000c0cc     mfc71u:MFC71U.DLL
 0002:000000d0       __imp_?CreateControlSite@CWnd@@MAEHPAVCOleControlContainer@@PAPAVCOleControlSite@@IABU_GUID@@@Z 1000c0d0     mfc71u:MFC71U.DLL
 0002:000000d4       __imp_?CreateControlContainer@CWnd@@MAEHPAPAVCOleControlContainer@@@Z 1000c0d4     mfc71u:MFC71U.DLL
 0002:000000d8       __imp_?IsFrameWnd@CWnd@@UBEHXZ 1000c0d8     mfc71u:MFC71U.DLL
 0002:000000dc       __imp_?OnChildNotify@CWnd@@MAEHIIJPAJ@Z 1000c0dc     mfc71u:MFC71U.DLL
 0002:000000e0       __imp_?PostNcDestroy@CWnd@@MAEXXZ 1000c0e0     mfc71u:MFC71U.DLL
 0002:000000e4       __imp_?DefWindowProcW@CWnd@@MAEJIIJ@Z 1000c0e4     mfc71u:MFC71U.DLL
 0002:000000e8       __imp_?OnWndMsg@CWnd@@MAEHIIJPAJ@Z 1000c0e8     mfc71u:MFC71U.DLL
 0002:000000ec       __imp_?WindowProc@CWnd@@MAEJIIJ@Z 1000c0ec     mfc71u:MFC71U.DLL
 0002:000000f0       __imp_?OnAmbientProperty@CWnd@@UAEHPAVCOleControlSite@@JPAUtagVARIANT@@@Z 1000c0f0     mfc71u:MFC71U.DLL
 0002:000000f4       __imp_?GetSuperWndProcAddr@CWnd@@MAEPAP6GJPAUHWND__@@IIJ@ZXZ 1000c0f4     mfc71u:MFC71U.DLL
 0002:000000f8       __imp_?OnNotify@CWnd@@MAEHIJPAJ@Z 1000c0f8     mfc71u:MFC71U.DLL
 0002:000000fc       __imp_?OnCommand@CWnd@@MAEHIJ@Z 1000c0fc     mfc71u:MFC71U.DLL
 0002:00000100       __imp_?CreateAccessibleProxy@CWnd@@UAEJIJPAJ@Z 1000c100     mfc71u:MFC71U.DLL
 0002:00000104       __imp_?SetProxy@CWnd@@UAEJPAUIAccessibleProxy@@@Z 1000c104     mfc71u:MFC71U.DLL
 0002:00000108       __imp_?put_accValue@CWnd@@UAEJUtagVARIANT@@PA_W@Z 1000c108     mfc71u:MFC71U.DLL
 0002:0000010c       __imp_?put_accName@CWnd@@UAEJUtagVARIANT@@PA_W@Z 1000c10c     mfc71u:MFC71U.DLL
 0002:00000110       __imp_?accDoDefaultAction@CWnd@@UAEJUtagVARIANT@@@Z 1000c110     mfc71u:MFC71U.DLL
 0002:00000114       __imp_?accHitTest@CWnd@@UAEJJJPAUtagVARIANT@@@Z 1000c114     mfc71u:MFC71U.DLL
 0002:00000118       __imp_?accNavigate@CWnd@@UAEJJUtagVARIANT@@PAU2@@Z 1000c118     mfc71u:MFC71U.DLL
 0002:0000011c       __imp_?accLocation@CWnd@@UAEJPAJ000UtagVARIANT@@@Z 1000c11c     mfc71u:MFC71U.DLL
 0002:00000120       __imp_?accSelect@CWnd@@UAEJJUtagVARIANT@@@Z 1000c120     mfc71u:MFC71U.DLL
 0002:00000124       __imp_?get_accDefaultAction@CWnd@@UAEJUtagVARIANT@@PAPA_W@Z 1000c124     mfc71u:MFC71U.DLL
 0002:00000128       __imp_?get_accSelection@CWnd@@UAEJPAUtagVARIANT@@@Z 1000c128     mfc71u:MFC71U.DLL
 0002:0000012c       __imp_?get_accFocus@CWnd@@UAEJPAUtagVARIANT@@@Z 1000c12c     mfc71u:MFC71U.DLL
 0002:00000130       __imp_?get_accKeyboardShortcut@CWnd@@UAEJUtagVARIANT@@PAPA_W@Z 1000c130     mfc71u:MFC71U.DLL
 0002:00000134       __imp_?get_accHelpTopic@CWnd@@UAEJPAPA_WUtagVARIANT@@PAJ@Z 1000c134     mfc71u:MFC71U.DLL
 0002:00000138       __imp_?get_accHelp@CWnd@@UAEJUtagVARIANT@@PAPA_W@Z 1000c138     mfc71u:MFC71U.DLL
 0002:0000013c       __imp_?get_accState@CWnd@@UAEJUtagVARIANT@@PAU2@@Z 1000c13c     mfc71u:MFC71U.DLL
 0002:00000140       __imp_?get_accRole@CWnd@@UAEJUtagVARIANT@@PAU2@@Z 1000c140     mfc71u:MFC71U.DLL
 0002:00000144       __imp_?get_accDescription@CWnd@@UAEJUtagVARIANT@@PAPA_W@Z 1000c144     mfc71u:MFC71U.DLL
 0002:00000148       __imp_?get_accValue@CWnd@@UAEJUtagVARIANT@@PAPA_W@Z 1000c148     mfc71u:MFC71U.DLL
 0002:0000014c       __imp_?get_accName@CWnd@@UAEJUtagVARIANT@@PAPA_W@Z 1000c14c     mfc71u:MFC71U.DLL
 0002:00000150       __imp_?get_accChild@CWnd@@UAEJUtagVARIANT@@PAPAUIDispatch@@@Z 1000c150     mfc71u:MFC71U.DLL
 0002:00000154       __imp_?get_accChildCount@CWnd@@UAEJPAJ@Z 1000c154     mfc71u:MFC71U.DLL
 0002:00000158       __imp_?get_accParent@CWnd@@UAEJPAPAUIDispatch@@@Z 1000c158     mfc71u:MFC71U.DLL
 0002:0000015c       __imp_?EnsureStdObj@CWnd@@UAEJXZ 1000c15c     mfc71u:MFC71U.DLL
 0002:00000160       __imp_?EndModalLoop@CWnd@@UAEXH@Z 1000c160     mfc71u:MFC71U.DLL
 0002:00000164       __imp_?ContinueModal@CWnd@@UAEHXZ 1000c164     mfc71u:MFC71U.DLL
 0002:00000168       __imp_?WinHelpInternal@CWnd@@UAEXKI@Z 1000c168     mfc71u:MFC71U.DLL
 0002:0000016c       __imp_?HtmlHelpW@CWnd@@UAEXKI@Z 1000c16c     mfc71u:MFC71U.DLL
 0002:00000170       __imp_?WinHelpW@CWnd@@UAEXKI@Z 1000c170     mfc71u:MFC71U.DLL
 0002:00000174       __imp_?GetScrollBarCtrl@CWnd@@UBEPAVCScrollBar@@H@Z 1000c174     mfc71u:MFC71U.DLL
 0002:00000178       __imp_?OnToolHitTest@CWnd@@UBEHVCPoint@@PAUtagTOOLINFOW@@@Z 1000c178     mfc71u:MFC71U.DLL
 0002:0000017c       __imp_?CalcWindowRect@CWnd@@UAEXPAUtagRECT@@I@Z 1000c17c     mfc71u:MFC71U.DLL
 0002:00000180       __imp_?PreCreateWindow@CWnd@@UAEHAAUtagCREATESTRUCTW@@@Z 1000c180     mfc71u:MFC71U.DLL
 0002:00000184       __imp_?DestroyWindow@CWnd@@UAEHXZ 1000c184     mfc71u:MFC71U.DLL
 0002:00000188       __imp_?CreateEx@CWnd@@UAEHKPB_W0KHHHHPAUHWND__@@PAUHMENU__@@PAX@Z 1000c188     mfc71u:MFC71U.DLL
 0002:0000018c       __imp_?CreateEx@CWnd@@UAEHKPB_W0KABUtagRECT@@PAV1@IPAX@Z 1000c18c     mfc71u:MFC71U.DLL
 0002:00000190       __imp_?Create@CWnd@@UAEHPB_W0KABUtagRECT@@PAV1@IPAUCCreateContext@@@Z 1000c190     mfc71u:MFC71U.DLL
 0002:00000194       __imp_?PreSubclassWindow@CWnd@@UAEXXZ 1000c194     mfc71u:MFC71U.DLL
 0002:00000198       __imp_?GetConnectionHook@CCmdTarget@@MAEPAUIConnectionPoint@@ABU_GUID@@@Z 1000c198     mfc71u:MFC71U.DLL
 0002:0000019c       __imp_?GetExtraConnectionPoints@CCmdTarget@@MAEHPAVCPtrArray@@@Z 1000c19c     mfc71u:MFC71U.DLL
 0002:000001a0       __imp_?GetInterfaceHook@CCmdTarget@@UAEPAUIUnknown@@PBX@Z 1000c1a0     mfc71u:MFC71U.DLL
 0002:000001a4       __imp_?OnCreateAggregates@CCmdTarget@@UAEHXZ 1000c1a4     mfc71u:MFC71U.DLL
 0002:000001a8       __imp_?GetEventSinkMap@CCmdTarget@@MBEPBUAFX_EVENTSINKMAP@@XZ 1000c1a8     mfc71u:MFC71U.DLL
 0002:000001ac       __imp_?GetInterfaceMap@CWnd@@MBEPBUAFX_INTERFACEMAP@@XZ 1000c1ac     mfc71u:MFC71U.DLL
 0002:000001b0       __imp_?GetConnectionMap@CCmdTarget@@MBEPBUAFX_CONNECTIONMAP@@XZ 1000c1b0     mfc71u:MFC71U.DLL
 0002:000001b4       __imp_??0?$CStringT@DV?$StrTraitMFC_DLL@DV?$ChTraitsCRT@D@ATL@@@@@ATL@@QAE@PBD@Z 1000c1b4     mfc71u:MFC71U.DLL
 0002:000001b8       __imp_?GetCommandMap@CCmdTarget@@MBEPBUAFX_OLECMDMAP@@XZ 1000c1b8     mfc71u:MFC71U.DLL
 0002:000001bc       __imp_?GetTypeLib@CCmdTarget@@UAEJKPAPAUITypeLib@@@Z 1000c1bc     mfc71u:MFC71U.DLL
 0002:000001c0       __imp_?GetTypeLibCache@CCmdTarget@@UAEPAVCTypeLibCache@@XZ 1000c1c0     mfc71u:MFC71U.DLL
 0002:000001c4       __imp_?GetTypeInfoCount@CCmdTarget@@UAEIXZ 1000c1c4     mfc71u:MFC71U.DLL
 0002:000001c8       __imp_?GetDispatchIID@CCmdTarget@@UAEHPAU_GUID@@@Z 1000c1c8     mfc71u:MFC71U.DLL
 0002:000001cc       __imp_?IsInvokeAllowed@CCmdTarget@@UAEHJ@Z 1000c1cc     mfc71u:MFC71U.DLL
 0002:000001d0       __imp_?OnFinalRelease@CWnd@@UAEXXZ 1000c1d0     mfc71u:MFC71U.DLL
 0002:000001d4       __imp_?GetThisMessageMap@CWnd@@KGPBUAFX_MSGMAP@@XZ 1000c1d4     mfc71u:MFC71U.DLL
 0002:000001d8       __imp_?GetThisClass@CWnd@@SGPAUCRuntimeClass@@XZ 1000c1d8     mfc71u:MFC71U.DLL
 0002:000001dc       __imp_?SetOccDialogInfo@CWnd@@MAEHPAU_AFX_OCC_DIALOG_INFO@@@Z 1000c1dc     mfc71u:MFC71U.DLL
 0002:000001e0       __imp_?CheckAutoCenter@CWnd@@UAEHXZ 1000c1e0     mfc71u:MFC71U.DLL
 0002:000001e4       __imp_?PreTranslateMessage@CWnd@@UAEHPAUtagMSG@@@Z 1000c1e4     mfc71u:MFC71U.DLL
 0002:000001e8       __imp_?OnCmdMsg@CCmdTarget@@UAEHIHPAXPAUAFX_CMDHANDLERINFO@@@Z 1000c1e8     mfc71u:MFC71U.DLL
 0002:000001ec       __imp_??0CWnd@@QAE@XZ      1000c1ec     mfc71u:MFC71U.DLL
 0002:000001f0       __imp_??1CWnd@@UAE@XZ      1000c1f0     mfc71u:MFC71U.DLL
 0002:000001f4       __imp_?Unlock@CSingleLock@@QAEHXZ 1000c1f4     mfc71u:MFC71U.DLL
 0002:000001f8       __imp_?GetRuntimeClass@CCriticalSection@@UBEPAUCRuntimeClass@@XZ 1000c1f8     mfc71u:MFC71U.DLL
 0002:000001fc       __imp_??1CSyncObject@@UAE@XZ 1000c1fc     mfc71u:MFC71U.DLL
 0002:00000200       __imp_??0CSyncObject@@QAE@PB_W@Z 1000c200     mfc71u:MFC71U.DLL
 0002:00000204       __imp_??1CFile@@UAE@XZ     1000c204     mfc71u:MFC71U.DLL
 0002:00000208       __imp_?Compare@?$CStringT@_WV?$StrTraitMFC_DLL@_WV?$ChTraitsCRT@_W@ATL@@@@@ATL@@QBEHPB_W@Z 1000c208     mfc71u:MFC71U.DLL
 0002:0000020c       __imp_?ReportError@CException@@UAEHII@Z 1000c20c     mfc71u:MFC71U.DLL
 0002:00000210       __imp_?GetErrorMessage@CFileException@@UAEHPA_WIPAI@Z 1000c210     mfc71u:MFC71U.DLL
 0002:00000214       __imp_?GetRuntimeClass@CFileException@@UBEPAUCRuntimeClass@@XZ 1000c214     mfc71u:MFC71U.DLL
 0002:00000218       __imp_??0CException@@QAE@XZ 1000c218     mfc71u:MFC71U.DLL
 0002:0000021c       __imp_??0CSingleLock@@QAE@PAVCSyncObject@@H@Z 1000c21c     mfc71u:MFC71U.DLL
 0002:00000220       __imp_?Right@?$CStringT@_WV?$StrTraitMFC_DLL@_WV?$ChTraitsCRT@_W@ATL@@@@@ATL@@QBE?AV12@H@Z 1000c220     mfc71u:MFC71U.DLL
 0002:00000224       __imp_?Trim@?$CStringT@_WV?$StrTraitMFC_DLL@_WV?$ChTraitsCRT@_W@ATL@@@@@ATL@@QAEAAV12@XZ 1000c224     mfc71u:MFC71U.DLL
 0002:00000228       __imp_?ReverseFind@?$CStringT@_WV?$StrTraitMFC_DLL@_WV?$ChTraitsCRT@_W@ATL@@@@@ATL@@QBEH_W@Z 1000c228     mfc71u:MFC71U.DLL
 0002:0000022c       __imp_??0CFile@@QAE@XZ     1000c22c     mfc71u:MFC71U.DLL
 0002:00000230       __imp_?Delete@CException@@QAEXXZ 1000c230     mfc71u:MFC71U.DLL
 0002:00000234       __imp_?hFileNull@CFile@@2QAXA 1000c234     mfc71u:MFC71U.DLL
 0002:00000238       __imp_??4?$CStringT@DV?$StrTraitMFC_DLL@DV?$ChTraitsCRT@D@ATL@@@@@ATL@@QAEAAV01@PBD@Z 1000c238     mfc71u:MFC71U.DLL
 0002:0000023c       __imp_??0?$CStringT@DV?$StrTraitMFC_DLL@DV?$ChTraitsCRT@D@ATL@@@@@ATL@@QAE@XZ 1000c23c     mfc71u:MFC71U.DLL
 0002:00000240       __imp_?AppendFormatV@?$CStringT@_WV?$StrTraitMFC_DLL@_WV?$ChTraitsCRT@_W@ATL@@@@@ATL@@QAEXPB_WPAD@Z 1000c240     mfc71u:MFC71U.DLL
 0002:00000244       __imp_?GetThisMessageMap@CWinApp@@KGPBUAFX_MSGMAP@@XZ 1000c244     mfc71u:MFC71U.DLL
 0002:00000248       __imp_?LoadSysPolicies@CWinApp@@UAEHXZ 1000c248     mfc71u:MFC71U.DLL
 0002:0000024c       __imp_?LoadAppLangResourceDLL@CWinApp@@UAEPAUHINSTANCE__@@XZ 1000c24c     mfc71u:MFC71U.DLL
 0002:00000250       __imp_?WinHelpInternal@CWinApp@@UAEXKI@Z 1000c250     mfc71u:MFC71U.DLL
 0002:00000254       __imp_?HtmlHelpW@CWinApp@@UAEXKI@Z 1000c254     mfc71u:MFC71U.DLL
 0002:00000258       __imp_?WinHelpW@CWinApp@@UAEXKI@Z 1000c258     mfc71u:MFC71U.DLL
 0002:0000025c       __imp_?OnDDECommand@CWinApp@@UAEHPA_W@Z 1000c25c     mfc71u:MFC71U.DLL
 0002:00000260       __imp_?DoWaitCursor@CWinApp@@UAEXH@Z 1000c260     mfc71u:MFC71U.DLL
 0002:00000264       __imp_?DoMessageBox@CWinApp@@UAEHPB_WII@Z 1000c264     mfc71u:MFC71U.DLL
 0002:00000268       __imp_?SaveAllModified@CWinApp@@UAEHXZ 1000c268     mfc71u:MFC71U.DLL
 0002:0000026c       __imp_?InitApplication@CWinApp@@UAEHXZ 1000c26c     mfc71u:MFC71U.DLL
 0002:00000270       __imp_?AddToRecentFileList@CWinApp@@UAEXPB_W@Z 1000c270     mfc71u:MFC71U.DLL
 0002:00000274       __imp_?OpenDocumentFile@CWinApp@@UAEPAVCDocument@@PB_W@Z 1000c274     mfc71u:MFC71U.DLL
 0002:00000278       __imp_?Unregister@CWinApp@@UAEHXZ 1000c278     mfc71u:MFC71U.DLL
 0002:0000027c       __imp_?Register@CWinApp@@UAEHXZ 1000c27c     mfc71u:MFC71U.DLL
 0002:00000280       __imp_?InitLibId@CWinApp@@UAEXXZ 1000c280     mfc71u:MFC71U.DLL
 0002:00000284       __imp_?Delete@CWinThread@@UAEXXZ 1000c284     mfc71u:MFC71U.DLL
 0002:00000288       __imp_?GetMainWnd@CWinThread@@UAEPAVCWnd@@XZ 1000c288     mfc71u:MFC71U.DLL
 0002:0000028c       __imp_?ProcessMessageFilter@CWinThread@@UAEHHPAUtagMSG@@@Z 1000c28c     mfc71u:MFC71U.DLL
 0002:00000290       __imp_?ProcessWndProcException@CWinApp@@UAEJPAVCException@@PBUtagMSG@@@Z 1000c290     mfc71u:MFC71U.DLL
 0002:00000294       __imp_?ExitInstance@CWinApp@@UAEHXZ 1000c294     mfc71u:MFC71U.DLL
 0002:00000298       __imp_?IsIdleMessage@CWinThread@@UAEHPAUtagMSG@@@Z 1000c298     mfc71u:MFC71U.DLL
 0002:0000029c       __imp_?OnIdle@CWinApp@@UAEHJ@Z 1000c29c     mfc71u:MFC71U.DLL
 0002:000002a0       __imp_?PumpMessage@CWinThread@@UAEHXZ 1000c2a0     mfc71u:MFC71U.DLL
 0002:000002a4       __imp_?PreTranslateMessage@CWinThread@@UAEHPAUtagMSG@@@Z 1000c2a4     mfc71u:MFC71U.DLL
 0002:000002a8       __imp_?Run@CWinApp@@UAEHXZ 1000c2a8     mfc71u:MFC71U.DLL
 0002:000002ac       __imp_?GetInterfaceMap@CCmdTarget@@MBEPBUAFX_INTERFACEMAP@@XZ 1000c2ac     mfc71u:MFC71U.DLL
 0002:000002b0       __imp_?OnFinalRelease@CCmdTarget@@UAEXXZ 1000c2b0     mfc71u:MFC71U.DLL
 0002:000002b4       __imp_?GetRuntimeClass@CWinApp@@UBEPAUCRuntimeClass@@XZ 1000c2b4     mfc71u:MFC71U.DLL
 0002:000002b8       __imp_??0CWinApp@@QAE@PB_W@Z 1000c2b8     mfc71u:MFC71U.DLL
 0002:000002bc       __imp_??1CWinApp@@UAE@XZ   1000c2bc     mfc71u:MFC71U.DLL
 0002:000002c0       __imp_?AfxGetModuleState@@YGPAVAFX_MODULE_STATE@@XZ 1000c2c0     mfc71u:MFC71U.DLL
 0002:000002c4       __imp_?AfxThrowResourceException@@YGXXZ 1000c2c4     mfc71u:MFC71U.DLL
 0002:000002c8       __imp_?AfxRegisterClass@@YGHPAUtagWNDCLASSW@@@Z 1000c2c8     mfc71u:MFC71U.DLL
 0002:000002cc       __imp_?AfxGetAfxWndProc@@YGP6GJPAUHWND__@@IIJ@ZXZ 1000c2cc     mfc71u:MFC71U.DLL
 0002:000002d0       __imp_?InitInstance@CWinApp@@UAEHXZ 1000c2d0     mfc71u:MFC71U.DLL
 0002:000002d4       __imp_?GetBuffer@?$CSimpleStringT@D$00@ATL@@QAEPADXZ 1000c2d4     mfc71u:MFC71U.DLL
 0002:000002d8       __imp_??3CNoTrackObject@@SGXPAX@Z 1000c2d8     mfc71u:MFC71U.DLL
 0002:000002dc       __imp_??0AFX_MODULE_STATE@@QAE@HP6GJPAUHWND__@@IIJ@ZKH@Z 1000c2dc     mfc71u:MFC71U.DLL
 0002:000002e0       __imp_?AfxCoreInitModule@@YGXXZ 1000c2e0     mfc71u:MFC71U.DLL
 0002:000002e4       __imp_?AfxWinInit@@YGHPAUHINSTANCE__@@0PA_WH@Z 1000c2e4     mfc71u:MFC71U.DLL
 0002:000002e8       __imp_?AfxWinTerm@@YGXXZ   1000c2e8     mfc71u:MFC71U.DLL
 0002:000002ec       __imp_?AfxInitExtensionModule@@YGHAAUAFX_EXTENSION_MODULE@@PAUHINSTANCE__@@@Z 1000c2ec     mfc71u:MFC71U.DLL
 0002:000002f0       __imp_??0CDynLinkLibrary@@QAE@AAUAFX_EXTENSION_MODULE@@H@Z 1000c2f0     mfc71u:MFC71U.DLL
 0002:000002f4       __imp_?AfxLockTempMaps@@YGXXZ 1000c2f4     mfc71u:MFC71U.DLL
 0002:000002f8       __imp_?AfxUnlockTempMaps@@YGHH@Z 1000c2f8     mfc71u:MFC71U.DLL
 0002:000002fc       __imp_?AfxTermExtensionModule@@YGXAAUAFX_EXTENSION_MODULE@@H@Z 1000c2fc     mfc71u:MFC71U.DLL
 0002:00000300       __imp_?AfxTermThread@@YGXPAUHINSTANCE__@@@Z 1000c300     mfc71u:MFC71U.DLL
 0002:00000304       __imp_??0AFX_MAINTAIN_STATE2@@QAE@PAVAFX_MODULE_STATE@@@Z 1000c304     mfc71u:MFC71U.DLL
 0002:00000308       __imp_?AfxWndProc@@YGJPAUHWND__@@IIJ@Z 1000c308     mfc71u:MFC71U.DLL
 0002:0000030c       __imp_?AfxGetThreadState@@YGPAV_AFX_THREAD_STATE@@XZ 1000c30c     mfc71u:MFC71U.DLL
 0002:00000310       __imp_?AfxSetModuleState@@YGPAVAFX_MODULE_STATE@@PAV1@@Z 1000c310     mfc71u:MFC71U.DLL
 0002:00000314       __imp_??1AFX_MODULE_STATE@@UAE@XZ 1000c314     mfc71u:MFC71U.DLL
 0002:00000318       __imp_??1?$CStringT@DV?$StrTraitMFC_DLL@DV?$ChTraitsCRT@D@ATL@@@@@ATL@@QAE@XZ 1000c318     mfc71u:MFC71U.DLL
 0002:0000031c       __imp_??0?$CStringT@_WV?$StrTraitMFC_DLL@_WV?$ChTraitsCRT@_W@ATL@@@@@ATL@@QAE@PBD@Z 1000c31c     mfc71u:MFC71U.DLL
 0002:00000320       __imp_?CompareNoCase@?$CStringT@_WV?$StrTraitMFC_DLL@_WV?$ChTraitsCRT@_W@ATL@@@@@ATL@@QBEHPB_W@Z 1000c320     mfc71u:MFC71U.DLL
 0002:00000324       __imp_??4?$CStringT@_WV?$StrTraitMFC_DLL@_WV?$ChTraitsCRT@_W@ATL@@@@@ATL@@QAEAAV01@PB_W@Z 1000c324     mfc71u:MFC71U.DLL
 0002:00000328       __imp_?GetBuffer@?$CSimpleStringT@_W$00@ATL@@QAEPA_WXZ 1000c328     mfc71u:MFC71U.DLL
 0002:0000032c       __imp_?Mid@?$CStringT@_WV?$StrTraitMFC_DLL@_WV?$ChTraitsCRT@_W@ATL@@@@@ATL@@QBE?AV12@HH@Z 1000c32c     mfc71u:MFC71U.DLL
 0002:00000330       __imp_??4?$CStringT@_WV?$StrTraitMFC_DLL@_WV?$ChTraitsCRT@_W@ATL@@@@@ATL@@QAEAAV01@ABV01@@Z 1000c330     mfc71u:MFC71U.DLL
 0002:00000334       __imp_?MakeLower@?$CStringT@_WV?$StrTraitMFC_DLL@_WV?$ChTraitsCRT@_W@ATL@@@@@ATL@@QAEAAV12@XZ 1000c334     mfc71u:MFC71U.DLL
 0002:00000338       __imp_??_V@YAXPAX@Z        1000c338     mfc71u:MFC71U.DLL
 0002:0000033c       __imp_?StringLength@?$CSimpleStringT@_W$00@ATL@@SAHPB_W@Z 1000c33c     mfc71u:MFC71U.DLL
 0002:00000340       __imp_?GetManager@?$CSimpleStringT@_W$00@ATL@@QBEPAUIAtlStringMgr@2@XZ 1000c340     mfc71u:MFC71U.DLL
 0002:00000344       __imp_??0?$CStringT@_WV?$StrTraitMFC_DLL@_WV?$ChTraitsCRT@_W@ATL@@@@@ATL@@QAE@PAUIAtlStringMgr@1@@Z 1000c344     mfc71u:MFC71U.DLL
 0002:00000348       __imp_?Concatenate@?$CSimpleStringT@_W$00@ATL@@KAXAAV12@PB_WH1H@Z 1000c348     mfc71u:MFC71U.DLL
 0002:0000034c       __imp_??_U@YAPAXI@Z        1000c34c     mfc71u:MFC71U.DLL
 0002:00000350       __imp_??B?$CSimpleStringT@_W$00@ATL@@QBEPB_WXZ 1000c350     mfc71u:MFC71U.DLL
 0002:00000354       __imp_?Format@?$CStringT@_WV?$StrTraitMFC_DLL@_WV?$ChTraitsCRT@_W@ATL@@@@@ATL@@QAAXPB_WZZ 1000c354     mfc71u:MFC71U.DLL
 0002:00000358       __imp_??0?$CStringT@_WV?$StrTraitMFC_DLL@_WV?$ChTraitsCRT@_W@ATL@@@@@ATL@@QAE@PB_W@Z 1000c358     mfc71u:MFC71U.DLL
 0002:0000035c       __imp_??0?$CStringT@_WV?$StrTraitMFC_DLL@_WV?$ChTraitsCRT@_W@ATL@@@@@ATL@@QAE@XZ 1000c35c     mfc71u:MFC71U.DLL
 0002:00000360       __imp_?LoadStringW@?$CStringT@_WV?$StrTraitMFC_DLL@_WV?$ChTraitsCRT@_W@ATL@@@@@ATL@@QAEHI@Z 1000c360     mfc71u:MFC71U.DLL
 0002:00000364       __imp_??0?$CStringT@_WV?$StrTraitMFC_DLL@_WV?$ChTraitsCRT@_W@ATL@@@@@ATL@@QAE@ABV01@@Z 1000c364     mfc71u:MFC71U.DLL
 0002:00000368       __imp_?GetBufferSetLength@?$CSimpleStringT@_W$00@ATL@@QAEPA_WH@Z 1000c368     mfc71u:MFC71U.DLL
 0002:0000036c       __imp_?GetLength@?$CSimpleStringT@_W$00@ATL@@QBEHXZ 1000c36c     mfc71u:MFC71U.DLL
 0002:00000370       __imp_?ReleaseBuffer@?$CSimpleStringT@_W$00@ATL@@QAEXH@Z 1000c370     mfc71u:MFC71U.DLL
 0002:00000374       __imp_??1?$CStringT@_WV?$StrTraitMFC_DLL@_WV?$ChTraitsCRT@_W@ATL@@@@@ATL@@QAE@XZ 1000c374     mfc71u:MFC71U.DLL
 0002:00000378       __imp_??2@YAPAXI@Z         1000c378     mfc71u:MFC71U.DLL
 0002:0000037c       __imp_?AfxThrowMemoryException@@YGXXZ 1000c37c     mfc71u:MFC71U.DLL
 0002:00000380       __imp_?AfxThrowOleException@@YGXJ@Z 1000c380     mfc71u:MFC71U.DLL
 0002:00000384       __imp_??3@YAXPAX@Z         1000c384     mfc71u:MFC71U.DLL
 0002:00000388       __imp_?GetDispatchMap@CCmdTarget@@MBEPBUAFX_DISPMAP@@XZ 1000c388     mfc71u:MFC71U.DLL
 0002:0000038c       \177MFC71U_NULL_THUNK_DATA 1000c38c     mfc71u:MFC71U.DLL
 0002:00000390       __imp_?substr@?$basic_string@_WU?$char_traits@_W@std@@V?$allocator@_W@2@@std@@QBE?AV12@II@Z 1000c390     msvcprt:MSVCP71.dll
 0002:00000394       __imp_?find@?$basic_string@_WU?$char_traits@_W@std@@V?$allocator@_W@2@@std@@QBEI_WI@Z 1000c394     msvcprt:MSVCP71.dll
 0002:00000398       __imp_??4?$basic_string@_WU?$char_traits@_W@std@@V?$allocator@_W@2@@std@@QAEAAV01@PB_W@Z 1000c398     msvcprt:MSVCP71.dll
 0002:0000039c       __imp_?npos@?$basic_string@_WU?$char_traits@_W@std@@V?$allocator@_W@2@@std@@2IB 1000c39c     msvcprt:MSVCP71.dll
 0002:000003a0       __imp_?append@?$basic_string@DU?$char_traits@D@std@@V?$allocator@D@2@@std@@QAEAAV12@ABV12@@Z 1000c3a0     msvcprt:MSVCP71.dll
 0002:000003a4       __imp_?append@?$basic_string@DU?$char_traits@D@std@@V?$allocator@D@2@@std@@QAEAAV12@PBD@Z 1000c3a4     msvcprt:MSVCP71.dll
 0002:000003a8       __imp_??4?$basic_string@DU?$char_traits@D@std@@V?$allocator@D@2@@std@@QAEAAV01@PBD@Z 1000c3a8     msvcprt:MSVCP71.dll
 0002:000003ac       __imp_??0?$basic_string@DU?$char_traits@D@std@@V?$allocator@D@2@@std@@QAE@ABV01@@Z 1000c3ac     msvcprt:MSVCP71.dll
 0002:000003b0       __imp_??1?$basic_string@DU?$char_traits@D@std@@V?$allocator@D@2@@std@@QAE@XZ 1000c3b0     msvcprt:MSVCP71.dll
 0002:000003b4       __imp_??1?$basic_string@_WU?$char_traits@_W@std@@V?$allocator@_W@2@@std@@QAE@XZ 1000c3b4     msvcprt:MSVCP71.dll
 0002:000003b8       __imp_??0?$basic_string@_WU?$char_traits@_W@std@@V?$allocator@_W@2@@std@@QAE@PB_W@Z 1000c3b8     msvcprt:MSVCP71.dll
 0002:000003bc       __imp_??0?$basic_string@DU?$char_traits@D@std@@V?$allocator@D@2@@std@@QAE@PBD@Z 1000c3bc     msvcprt:MSVCP71.dll
 0002:000003c0       __imp_??Y?$basic_string@_WU?$char_traits@_W@std@@V?$allocator@_W@2@@std@@QAEAAV01@ABV01@@Z 1000c3c0     msvcprt:MSVCP71.dll
 0002:000003c4       __imp_??0?$basic_string@_WU?$char_traits@_W@std@@V?$allocator@_W@2@@std@@QAE@ABV01@@Z 1000c3c4     msvcprt:MSVCP71.dll
 0002:000003c8       __imp_??0?$basic_string@DU?$char_traits@D@std@@V?$allocator@D@2@@std@@QAE@XZ 1000c3c8     msvcprt:MSVCP71.dll
 0002:000003cc       \177MSVCP71_NULL_THUNK_DATA 1000c3cc     msvcprt:MSVCP71.dll
 0002:000003d0       __imp___wtol               1000c3d0     msvcrt:MSVCR71.dll
 0002:000003d4       __imp___CxxThrowException@8 1000c3d4     msvcrt:MSVCR71.dll
 0002:000003d8       __imp_??0exception@@QAE@ABV0@@Z 1000c3d8     msvcrt:MSVCR71.dll
 0002:000003dc       __imp__malloc              1000c3dc     msvcrt:MSVCR71.dll
 0002:000003e0       __imp__free                1000c3e0     msvcrt:MSVCR71.dll
 0002:000003e4       __imp__wcslen              1000c3e4     msvcrt:MSVCR71.dll
 0002:000003e8       __imp__swprintf            1000c3e8     msvcrt:MSVCR71.dll
 0002:000003ec       __imp__wcsftime            1000c3ec     msvcrt:MSVCR71.dll
 0002:000003f0       __imp___localtime64        1000c3f0     msvcrt:MSVCR71.dll
 0002:000003f4       __imp___except_handler3    1000c3f4     msvcrt:MSVCR71.dll
 0002:000003f8       __imp____CxxFrameHandler   1000c3f8     msvcrt:MSVCR71.dll
[...]
    89 0001:000018e5   207 0001:00001950   208 0001:0000196d   210 0001:00001971
   211 0001:00001980   212 0001:00001985   214 0001:000019d3   215 0001:000019e0
   216 0001:000019ee   218 0001:000019f5

Line numbers for .\Release\ConnNotice.obj(c:\program files\microsoft visual studio .net 2003\vc7\include\xutility) segment .text

  1048 0001:00001420  1049 0001:00001421  1050 0001:00001433  1051 0001:00001459
  1052 0001:0000145e  1051 0001:0000145f  1052 0001:00001465  1134 0001:000017c0
  1135 0001:000017c1  1136 0001:000017e0  1137 0001:00001806

Line numbers for .\Release\ConnNotice.obj(c:\program files\microsoft visual studio .net 2003\vc7\include\string) segment .text

    31 0001:00000ed0    32 0001:00000ee8    33 0001:00000f39

Line numbers for .\Release\ConnNotice.obj(c:\program files\microsoft visual studio .net 2003\vc7\include\vector) segment .text

   883 0001:00000df0   884 0001:00000e08   786 0001:00001810   787 0001:00001811
   788 0001:00001831   791 0001:00001900   792 0001:00001904   794 0001:0000190c
   795 0001:00001922   797 0001:00001930   798 0001:00001946   388 0001:00001a10
   387 0001:00001a10   878 0001:00001a20   877 0001:00001a20   879 0001:00001a3c
   880 0001:00001a48   809 0001:00001a50   810 0001:00001a6e   811 0001:00001aae
   813 0001:00001ac4   815 0001:00001acf   816 0001:00001aea   817 0001:00001af1
   820 0001:00001b0b   821 0001:00001b20   822 0001:00001b36   823 0001:00001b48
   828 0001:00001b54   829 0001:00001b73   830 0001:00001b89   837 0001:00001bac
   838 0001:00001bcb   840 0001:00001bcf   841 0001:00001bdb   843 0001:00001be7
   844 0001:00001bec   845 0001:00001bf7   847 0001:00001bfa   832 0001:00001bff
   833 0001:00001c0f   834 0001:00001c18   847 0001:00001c21   850 0001:00001c39
   854 0001:00001c50   860 0001:00001c70   862 0001:00001c7b   864 0001:00001c94
   856 0001:00001c96   857 0001:00001cb0   868 0001:00001cb9   870 0001:00001cd2
   872 0001:00001ce4   874 0001:00001cf7   579 0001:00001d20   580 0001:00001d23
   581 0001:00001d46   584 0001:00001d68   583 0001:00001d6b   584 0001:00001d7e

Line numbers for .\Release\ConnNotice.obj(e:\works\iba_local\wxmiddleware\gxxstring.h) segment .text

    97 0001:00000c60    98 0001:00000c63   100 0001:00000c70   101 0001:00000c79
   103 0001:00000c81   582 0001:00000d30   583 0001:00000d34   587 0001:00000d4f
   588 0001:00000d5e   590 0001:00000d70   604 0001:00000d74   593 0001:00000d7a
   594 0001:00000d81   592 0001:00000d9f   596 0001:00000da3   603 0001:00000dc0
   604 0001:00000dc3   598 0001:00000dc9   603 0001:00000dce   604 0001:00000dd1
   585 0001:00000dd7   604 0001:00000ddb   166 0001:00001020   167 0001:00001021
   168 0001:00001025   170 0001:00001033   172 0001:00001050   173 0001:00001053
   175 0001:0000105c   178 0001:000010a7   179 0001:000010c5   180 0001:000010cf
   181 0001:000010dc    88 0001:00001470    89 0001:00001473    90 0001:00001499
    91 0001:000014a7    92 0001:000014b0    93 0001:000014b4    94 0001:000014e3
    95 0001:000014f1   920 0001:00001500   921 0001:0000151a   922 0001:0000155d
   923 0001:00001574   924 0001:000015b8   926 0001:000015d0   927 0001:000015ea
   928 0001:0000162d   929 0001:00001641   930 0001:00001685   260 0001:000016a0
   261 0001:000016b8   262 0001:000016d5   263 0001:0000170a   264 0001:00001714
   265 0001:00001717   266 0001:00001752   267 0001:00001755   268 0001:000017a2
   655 0001:00001d90   656 0001:00001dac   657 0001:00001db5   660 0001:00001dcc
   661 0001:00001dda   662 0001:00001de3   664 0001:00001dea   665 0001:00001df4
   667 0001:00001e09   672 0001:00001e0b   673 0001:00001e1a   678 0001:00001e31
   680 0001:00001e37   673 0001:00001e53   675 0001:00001e57   683 0001:00001e63
   685 0001:00001e67   687 0001:00001e80   689 0001:00001e87   685 0001:00001ee8
   691 0001:00001ef0   692 0001:00001ef6   693 0001:00001efc   694 0001:00001f16

Line numbers for .\Release\ConnNotice.obj(c:\program files\microsoft visual studio .net 2003\vc7\atlmfc\include\cstringt.h) segment .text

  2014 0001:00000b00  2015 0001:00000b17  2017 0001:00000b39  2019 0001:00000b6c
  2020 0001:00000b8a  2032 0001:00000ba0  2033 0001:00000bb7  2035 0001:00000bd6
  2037 0001:00000c0b  2038 0001:00000c29

Line numbers for .\Release\ConnNotice.obj(e:\works\iba_local\wxmiddleware\g2xsocketclient.h) segment .text

    13 0001:00003c90

Line numbers for .\Release\ConnNotice.obj(e:\works\iba_local\wxmiddleware\connnotice.cpp) segment .text

    32 0001:00000500    33 0001:00000519    34 0001:00000527    35 0001:00000540
    36 0001:0000055e    67 0001:00000570    66 0001:00000570    68 0001:00000577
    71 0001:00000580    72 0001:00000580    73 0001:00000583    76 0001:00000590
    77 0001:000005b2    78 0001:000005cc    79 0001:000005d1    81 0001:000005dc
    83 0001:000005ec    85 0001:00000608    86 0001:00000625    89 0001:0000062c
    90 0001:00000636    91 0001:0000065a    93 0001:00000670    95 0001:0000067a
    98 0001:000006aa   104 0001:000006b2   106 0001:000006c8   107 0001:000006d7
   124 0001:00000700   126 0001:00000720   127 0001:00000734   129 0001:00000750
   130 0001:00000780   131 0001:0000079d   134 0001:000007d0   135 0001:000007f3
   138 0001:00000807   140 0001:00000813   141 0001:0000081a   149 0001:0000081d
   150 0001:00000820   146 0001:00000831   147 0001:00000842   150 0001:0000084d
   171 0001:00000870   175 0001:0000087c   179 0001:00000892   182 0001:000008a1
   184 0001:000008ec   185 0001:0000090d   219 0001:00000920   223 0001:0000092f
   227 0001:00000941   231 0001:00000951   232 0001:00000989   233 0001:000009a6
   237 0001:000009c0   241 0001:000009cf   245 0001:000009e1   249 0001:000009f1
   250 0001:00000a29   251 0001:00000a46   254 0001:00000a60   258 0001:00000a6f
   262 0001:00000a81   266 0001:00000a91   267 0001:00000ac4   268 0001:00000ae1
   153 0001:00000f70   154 0001:00000f70   156 0001:00000f7f   157 0001:00000f84
   166 0001:00000f8d   168 0001:00000f95   159 0001:00000f98   161 0001:00000f9d
   162 0001:00000fa2   166 0001:00000fab   168 0001:00000fb4   638 0001:00000fc0
   639 0001:00000fc1   641 0001:00000fd4   643 0001:00000feb   644 0001:00000fee
    50 0001:00001140    49 0001:00001140    52 0001:00001149    56 0001:00001170
    52 0001:00001171    56 0001:00001178   188 0001:00001180   192 0001:000011aa
   196 0001:000011c0   200 0001:000011d0   202 0001:00001241   203 0001:0000124b
   205 0001:0000126f   206 0001:00001279   207 0001:000012a8   208 0001:000012e0
   210 0001:000012ea   212 0001:0000133e   214 0001:0000135e   215 0001:00001390
   292 0001:00001400   293 0001:00001401   294 0001:00001414   295 0001:0000141c
   298 0001:00001f40   299 0001:00001f6a   301 0001:00001fb7   302 0001:00001fc1
   304 0001:00001ffb   307 0001:00002012   309 0001:00002019   311 0001:0000201f
   312 0001:00002064   314 0001:00002070   316 0001:00002076   318 0001:000020b9
   322 0001:000020d3   323 0001:00002110   325 0001:00002115   328 0001:0000211a
   330 0001:0000211f   331 0001:00002126   332 0001:0000212d   335 0001:00002184
   339 0001:00002189   340 0001:000021c6   342 0001:000021cb   343 0001:000021dc
   345 0001:000021f3   347 0001:000021f8   348 0001:000021ff   349 0001:00002206
   352 0001:0000220b   359 0001:00002210   360 0001:0000221e   361 0001:000022a4
   362 0001:000022b7   364 0001:000022cd   365 0001:000022de   368 0001:000022e3
   370 0001:00002351   371 0001:0000235b   372 0001:00002389   373 0001:000023c0
   374 0001:000023ca   377 0001:000023da   380 0001:000023e0   381 0001:000023ed
   382 0001:00002402   384 0001:00002417   385 0001:00002428   386 0001:0000244c
   387 0001:00002452   388 0001:0000246e   389 0001:00002492   394 0001:00002497
   395 0001:000024a5   396 0001:0000252b   397 0001:0000253e   400 0001:00002556
   404 0001:0000255c   406 0001:0000261c   407 0001:00002626   408 0001:00002650
   409 0001:00002688   410 0001:00002692   413 0001:000026a4   414 0001:000026b5
   417 0001:000026ea   418 0001:000026fb   419 0001:0000271b   420 0001:0000274b
   429 0001:00002750   430 0001:00002768   431 0001:00002783   432 0001:00002797
   433 0001:000027b0   434 0001:000027c4   435 0001:000027dd   436 0001:000027f1
   437 0001:0000280a   438 0001:0000281b   443 0001:00002846   445 0001:0000285e
   447 0001:00002886   448 0001:000028ae   449 0001:000028d9   451 0001:000028f6
   452 0001:00002919   453 0001:0000294a   455 0001:00002967   456 0001:0000298c
   457 0001:000029b6   459 0001:000029e2   460 0001:00002a19   461 0001:00002a40
   462 0001:00002a82   463 0001:00002ac4   464 0001:00002ae6   465 0001:00002b10
   466 0001:00002b2d   469 0001:00002b48   470 0001:00002b54   471 0001:00002b6d
   473 0001:00002b81   474 0001:00002b92   476 0001:00002c39   479 0001:00002c43
   480 0001:00002c57   481 0001:00002c6e   483 0001:00002c86   484 0001:00002c90
   485 0001:00002c9c   486 0001:00002cb9   487 0001:00002cd0   488 0001:00002cdb
   489 0001:00002ce8   490 0001:00002d00   492 0001:00002d17   495 0001:00002d27
   497 0001:00002d47   500 0001:00002d49   502 0001:00002d71   503 0001:00002d77
   504 0001:00002d80   505 0001:00002d8c   508 0001:00002d98   510 0001:00002db0
   511 0001:00002dba   512 0001:00002dcf   513 0001:00002ddb   515 0001:00002dec
   516 0001:00002e04   518 0001:00002e11   519 0001:00002e1d   521 0001:00002e26
   522 0001:00002e32   523 0001:00002e50   440 0001:00002e55   627 0001:00002e66
   628 0001:00002e7b   533 0001:00002e80   534 0001:00002e98   535 0001:00002eb3
   536 0001:00002ec7   537 0001:00002ee0   538 0001:00002ef4   539 0001:00002f0d
   540 0001:00002f21   541 0001:00002f3a   542 0001:00002f4b   547 0001:00002f75
   549 0001:00002f8d   551 0001:00002fb5   552 0001:00002fdd   553 0001:00003008
   555 0001:00003025   556 0001:00003048   557 0001:00003079   559 0001:00003096
   560 0001:000030bb   561 0001:000030e5   563 0001:00003111   564 0001:00003148
   565 0001:0000316f   566 0001:000031b1   567 0001:000031f3   568 0001:00003215
   569 0001:0000323f   570 0001:0000325c   572 0001:00003277   573 0001:00003283
   574 0001:0000329c   576 0001:000032ac   577 0001:000032bd   579 0001:000032c2
   583 0001:000032cc   584 0001:000032e0   585 0001:000032f7   587 0001:00003314
   588 0001:0000331e   589 0001:0000332a   590 0001:00003347   591 0001:0000335e
   592 0001:00003369   593 0001:00003376   594 0001:0000338e   596 0001:000033a5
   598 0001:000033c2   600 0001:000033d4   601 0001:000033ee   603 0001:00003409
   605 0001:0000340b   607 0001:0000341e   608 0001:00003424   609 0001:0000342d
   610 0001:00003439   615 0001:00003445   616 0001:0000344f   617 0001:00003464
   618 0001:00003470   621 0001:00003481   623 0001:0000348e   624 0001:0000349a
   626 0001:000034a3   627 0001:000034af   628 0001:00003591   632 0001:00003593
   635 0001:000035a4    22 0001:0000a690

Line numbers for .\Release\ConnNotice.obj(c:\program files\microsoft visual studio .net 2003\vc7\atlmfc\include\atlcomtime.h) segment .text

   329 0001:00000360   331 0001:0000037f   332 0001:00000387   368 0001:00000398
   369 0001:0000039b   335 0001:000003ac   337 0001:000003b1   339 0001:000003bf
   344 0001:000003c1   346 0001:000003d9   347 0001:000003eb   348 0001:000003fc
   349 0001:00000418   354 0001:0000042c   355 0001:00000436   357 0001:0000043f
   358 0001:00000452   359 0001:0000045b   360 0001:00000464   363 0001:00000473
   364 0001:00000489   365 0001:000004a0   366 0001:000004c1   368 0001:000004cd
   369 0001:000004e8

Line numbers for .\Release\ConnNotice.obj(c:\program files\microsoft visual studio .net 2003\vc7\atlmfc\include\atlcomtime.inl) segment .text

   432 0001:00000300   434 0001:00000303   437 0001:0000030f   439 0001:0000033e
   440 0001:00000341   437 0001:00000347   439 0001:0000034f   440 0001:00000352
   288 0001:00001100   289 0001:00001103   290 0001:0000112c

Line numbers for .\Release\ConnNotice.obj(c:\program files\microsoft visual studio .net 2003\vc7\atlmfc\include\afx.inl) segment .text

    31 0001:000002f0

Line numbers for .\Release\ConnNotice.obj(c:\program files\microsoft visual studio .net 2003\vc7\atlmfc\include\atltime.inl) segment .text

   336 0001:00000290   335 0001:00000290   337 0001:0000029a   338 0001:0000029e
   350 0001:000002a0   340 0001:000002a3   341 0001:000002b3   342 0001:000002bd
   343 0001:000002c5   344 0001:000002cd   345 0001:000002d5   346 0001:000002dd
   347 0001:000002e4   349 0001:000002ea   350 0001:000002ec

Line numbers for .\Release\ConnNotice.obj(c:\program files\microsoft visual studio .net 2003\vc7\atlmfc\include\atlcore.h) segment .text

   114 0001:000001f0   116 0001:000001f2   117 0001:00000207   129 0001:00000210
   130 0001:00000236   131 0001:00000238   133 0001:0000023b   136 0001:00000244
   138 0001:00000257   143 0001:00000277   144 0001:00000279

Line numbers for .\Release\ConnNotice.obj(c:\program files\microsoft visual studio .net 2003\vc7\atlmfc\include\atlexcept.h) segment .text

    64 0001:000001d0    61 0001:000001d0    66 0001:000001db    70 0001:000001e0

Line numbers for .\Release\ConnNotice.obj(c:\program files\microsoft visual studio .net 2003\vc7\include\stdexcept) segment .text

    23 0001:00000110    27 0001:00000170    26 0001:00000170    28 0001:00000179
    27 0001:0000017a    28 0001:0000017d    99 0001:000001c0

Line numbers for .\Release\ConnNotice.obj(c:\program files\microsoft visual studio .net 2003\vc7\atlmfc\include\atlconv.h) segment .text

   101 0001:00000010   102 0001:0000001d   104 0001:0000001f   110 0001:00000025
   113 0001:0000003c   116 0001:00000048   120 0001:00000059   121 0001:0000005d
   124 0001:00000064   127 0001:00000090   128 0001:00000090   129 0001:00000095
   134 0001:000000a0   139 0001:000000b2   140 0001:000000c4   143 0001:000000d0
   147 0001:000000d7   149 0001:000000dc   151 0001:000000e8   152 0001:000000ee
   188 0001:00000c40   187 0001:00000c40   190 0001:00000c49   192 0001:00000c51
   201 0001:00000cd0   202 0001:00000cd2   204 0001:00000cdc   217 0001:00000ce0
   207 0001:00000ce4   208 0001:00000cee   210 0001:00000cf6   211 0001:00000d03
   213 0001:00000d09   216 0001:00000d13   217 0001:00000d29   176 0001:00001000
   177 0001:00001003   178 0001:00001014

Line numbers for .\Release\ConnNotice.obj(c:\program files\microsoft visual studio .net 2003\vc7\include\new.h) segment .text

   112 0001:00000000

Line numbers for C:\Program Files\Microsoft Visual Studio .NET 2003\Vc7\atlmfc\lib\mfcs71u.lib(f:\vs70builds\3077\vc\mfcatl\ship\atlmfc\include\afxwin1.inl) segment .text

    45 0001:00008e50

Line numbers for C:\Program Files\Microsoft Visual Studio .NET 2003\Vc7\atlmfc\lib\mfcs71u.lib(f:\vs70builds\3077\vc\mfcatl\ship\atlmfc\src\mfc\dllmodul.cpp) segment .text

   184 0001:00008dff   182 0001:00008dff   188 0001:00008e06   189 0001:00008e13
   191 0001:00008e18   194 0001:00008e1f   195 0001:00008e24   198 0001:00008e34
   201 0001:00008e3d   203 0001:00008e42   208 0001:00008e4a   209 0001:00008e4d
    51 0001:00008e59    52 0001:00008e65    53 0001:00008e72    54 0001:00008e90
    69 0001:00008e9e    70 0001:00008ea3    72 0001:00008eb0    76 0001:00008eb5
    79 0001:00008eba    83 0001:00008ebf    86 0001:00008ed5    90 0001:00008ed7
    91 0001:00008edf    93 0001:00008eee    94 0001:00008ef5    95 0001:00008efa
   101 0001:00008efc   102 0001:00008f0d   108 0001:00008f23   111 0001:00008f2a
   115 0001:00008f2d   118 0001:00008f3a   120 0001:00008f41   126 0001:00008f47
   129 0001:00008f5b   130 0001:00008f63   131 0001:00008f67   141 0001:00008f6e
   142 0001:00008f73   145 0001:00008f7a   148 0001:00008f7f   153 0001:00008f8b
   155 0001:00008f93   165 0001:00008fa0   166 0001:00008fa5   168 0001:00008fac
   169 0001:00008fb4   171 0001:00008fbd   172 0001:00008fc1    43 0001:00008fc5
    46 0001:0000a6e6

Line numbers for C:\Program Files\Microsoft Visual Studio .NET 2003\Vc7\lib\msvcrt.lib(F:\VS70Builds\3077\vc\crtbld\crt\src\intel\chkstk.asm) segment .text

    69 0001:000091c0    65 0001:000091c0    70 0001:000091c5    72 0001:000091c7
    73 0001:000091c9    74 0001:000091cb    75 0001:000091ce    76 0001:000091d0
    77 0001:000091d1    78 0001:000091d3    79 0001:000091d4    82 0001:000091d5
    83 0001:000091d6    88 0001:000091da    89 0001:000091e0    91 0001:000091e5
    93 0001:000091e7    94 0001:000091ec    97 0001:000091ee    98 0001:000091f0
   100 0001:000091f2   102 0001:000091f4   104 0001:000091f6   105 0001:000091f8
   107 0001:000091fb   109 0001:000091fc

Line numbers for C:\Program Files\Microsoft Visual Studio .NET 2003\Vc7\lib\msvcrt.lib(f:\vs70builds\3077\vc\crtbld\crt\src\atonexit.c) segment .text

    81 0001:0000917e    76 0001:0000917e    90 0001:000091a3    96 0001:000091a4
    95 0001:000091a4    97 0001:000091b5

Line numbers for C:\Program Files\Microsoft Visual Studio .NET 2003\Vc7\lib\msvcrt.lib(f:\vs70builds\3077\vc\crtbld\crt\src\crtdll.c) segment .text

   134 0001:000091fd   129 0001:000091fd   135 0001:00009205   136 0001:0000920d
   158 0001:00009213   163 0001:00009226   168 0001:0000923b   170 0001:0000923f
   172 0001:00009242   178 0001:0000924c   179 0001:00009251   184 0001:0000925b
   189 0001:0000926c   192 0001:00009273   219 0001:00009279   220 0001:00009282
   225 0001:00009284   226 0001:00009290   234 0001:000092a6   236 0001:000092ad
   234 0001:000092b4   240 0001:000092b5   241 0001:000092b8   249 0001:000092bb
   250 0001:000092c7   252 0001:000092cd   257 0001:000092d2   258 0001:000092df
   260 0001:000092e5   262 0001:000092ee   263 0001:000092f7   265 0001:00009303
   266 0001:0000930c   268 0001:0000931b   269 0001:0000931d   272 0001:0000931f
   275 0001:0000932f   283 0001:00009338   286 0001:00009342   288 0001:0000934b
   289 0001:00009359   291 0001:0000935c   292 0001:0000936a   298 0001:00009378
   294 0001:0000937d   295 0001:00009395   299 0001:00009397

Line numbers for C:\Program Files\Microsoft Visual Studio .NET 2003\Vc7\lib\msvcrt.lib(f:\vs70builds\3077\vc\crtbld\crt\src\secchk.c) segment .text

   114 0001:00009000   116 0001:0000900c   117 0001:00009010   119 0001:0000901d
   123 0001:00009028   100 0001:00009031   103 0001:00009031   104 0001:00009037
   105 0001:00009039   107 0001:0000903a

Line numbers for C:\Program Files\Microsoft Visual Studio .NET 2003\Vc7\lib\msvcrt.lib(f:\vs70builds\3077\vc\crtbld\crt\src\seccinit.c) segment .text

    49 0001:00009414    58 0001:0000941a    67 0001:0000942b    70 0001:00009435
    75 0001:0000943b    76 0001:00009443    77 0001:0000944b    79 0001:00009453
    93 0001:0000945d    94 0001:00009478

Line numbers for C:\Program Files\Microsoft Visual Studio .NET 2003\Vc7\atlmfc\lib\atls.lib(f:\vs70builds\3077\vc\mfcatl\ship\atlmfc\src\atl\atls\atlbase.cpp) segment .text

    67 0001:0000955d    68 0001:00009560    69 0001:0000956a    29 0001:00009573
    32 0001:0000958e    36 0001:00009593    38 0001:000095b6    39 0001:000095c7
    41 0001:000095cd    46 0001:000095d3    49 0001:000095db    51 0001:000095e9
    58 0001:000095ed    62 0001:00009607    64 0001:0000960e   126 0001:0000a6fc

Line numbers for C:\Program Files\Microsoft Visual Studio .NET 2003\Vc7\atlmfc\lib\atls.lib(f:\vs70builds\3077\vc\mfcatl\ship\atlmfc\include\atlsimpcoll.h) segment .text

   173 0001:00009526   174 0001:00009529   178 0001:0000952f   179 0001:00009535
   181 0001:00009539   182 0001:0000953d   183 0001:00009542

 Exports

  ordinal    name

        1    ?SetDelegate@@YGXPAVCWxMiddlewareDelete@@@Z (void __stdcall SetDelegate(class CWxMiddlewareDelete *))
               exported name: SetDelegate
        2    ?LoginStatus@@YGXPB_WH@Z (void __stdcall LoginStatus(wchar_t const *,int))
               exported name: LoginStatus
        3    ?LogoutStatus@@YGXPB_WH@Z (void __stdcall LogoutStatus(wchar_t const *,int))
               exported name: LogoutStatus
        4    ?MessageStatus@@YGXH@Z (void __stdcall MessageStatus(int))
               exported name: MessageStatus
